2025-08-06 22:00:59,282 - INFO - ==================================
2025-08-06 22:00:59,282 - INFO - #1 바이럴 글쓰기 작업을 시작합니다.
2025-08-06 22:01:01,852 - INFO - 바이럴대시보드TEST - Success 구글 시트에서 데이터를 성공적으로 가져왔습니다.
2025-08-06 22:01:01,857 - INFO - ==================================
2025-08-06 22:01:01,858 - INFO - ★★★ IP 변경 - START ★★★
2025-08-06 22:01:01,858 - INFO - [#1 mobile_ip 전환 - try ]
2025-08-06 22:01:02,207 - INFO - [ 모바일IP 전환 - 시도 ]
2025-08-06 22:01:02,334 - INFO - --- ADB 모바일 연결 [진행]
2025-08-06 22:01:02,469 - INFO - --- USB테더링 리미트 해제 [진행]
2025-08-06 22:01:03,682 - INFO - --- USB테더링 활성화 - 성공
2025-08-06 22:01:03,682 - INFO - -----------------------------
2025-08-06 22:01:04,662 - INFO - --- 모바일 USB 어뎁터 - 활성화(시도 & 명령어 작동)
2025-08-06 22:01:05,338 - INFO - --- USB 어댑터 찾기 및 활성화 시도 [완료]
2025-08-06 22:01:05,340 - INFO - --- 이더넷(WI-FI, 랜선) 어뎁터 - 비활성화(시도 & 명령어 작동)
2025-08-06 22:01:08,513 - INFO - --- USB 어댑터 외의 모든 어댑터 비활성화 시도 [완료]
2025-08-06 22:01:11,231 - INFO - --- USB 어뎁터가 활성화 [확인]
2025-08-06 22:01:13,667 - INFO - --- 이더넷 어뎁터가 비활성화 [확인]
2025-08-06 22:01:13,667 - INFO - -----------------------------
2025-08-06 22:01:13,829 - INFO - --- WiFi off - 성공
2025-08-06 22:01:13,941 - INFO - --- '모바일 데이터' on - 성공
2025-08-06 22:01:14,864 - INFO - ★ 모바일IP 전환 - Success ★
2025-08-06 22:01:14,864 - INFO - [# USB테더링 전환 #] - 성공
2025-08-06 22:01:14,864 - INFO - [#1 mobile_ip 전환 - success ]
2025-08-06 22:01:14,865 - INFO - -----------------------------
2025-08-06 22:01:14,865 - INFO - [#2 before_ip 추출] - try
2025-08-06 22:01:14,865 - INFO - -- 'https://ipinfo.io/ip'에서 public IP를 추출합니다....
2025-08-06 22:01:15,226 - INFO - -- 'https://ipinfo.io/ip' : 39.7.231.179
2025-08-06 22:01:15,227 - INFO - [#2 before_ip 추출] - success : 39.7.231.179
2025-08-06 22:01:15,227 - INFO - -----------------------------
2025-08-06 22:01:15,597 - INFO - --- 모바일 데이터 off - 성공
2025-08-06 22:01:16,021 - INFO - --- 비행기 모드 on - 성공
2025-08-06 22:01:16,390 - INFO - --- 비행기 모드 off - 성공
2025-08-06 22:01:16,813 - INFO - --- 모바일 데이터 on - 성공
2025-08-06 22:01:16,813 - INFO - [#3 after_ip 추출] - try
2025-08-06 22:01:16,813 - INFO - -- 'https://ipinfo.io/ip'에서 public IP를 추출합니다....
2025-08-06 22:01:17,822 - INFO - - 추출 실패 1/3 재시도
2025-08-06 22:01:18,819 - INFO - -- 'https://ipinfo.io/ip' : 39.7.231.3
2025-08-06 22:01:18,819 - INFO - [#3 after_ip 추출] - success : 39.7.231.3
2025-08-06 22:01:18,820 - INFO - Success -IP 변경(성공): before 39.7.231.179 => after 39.7.231.3
2025-08-06 22:01:18,820 - INFO - ★★★ IP 변경 - Success ★★★
2025-08-06 22:01:18,820 - INFO - ==================================
2025-08-06 22:01:20,022 - INFO - C:\program_cookies 폴더 크기: 0.50 GB
2025-08-06 22:01:20,039 - INFO - C:\program_cookies\Mobile_yz890cdefg 폴더 크기: 0.05 GB
2025-08-06 22:01:20,039 - INFO - 쿠키 기록을 남기도록 C:\program_cookies\Mobile_yz890cdefg 폴더를 지정합니다.
2025-08-06 22:01:20,039 - INFO - fixed UA가 있습니다.
2025-08-06 22:01:20,039 - INFO - fixed된 UA는 Mozilla/5.0 (Linux; Android 11; SM-A525F) AppleWebKit/537.36 (KHTML, like Gecko) Chrome/95.0.4621.1 Mobile Safari/537.36입니다.
2025-08-06 22:01:20,039 - INFO - 옵션 수동설정을 시작합니다.
2025-08-06 22:01:20,039 - INFO - 드라이브 옵션 기입 완료했습니다.
2025-08-06 22:01:25,504 - INFO - 크롬창을 열었습니다.
2025-08-06 22:01:25,505 - INFO - Android
2025-08-06 22:01:25,513 - INFO - geo 정보를 랜덤으로 변경합니다..
2025-08-06 22:01:25,513 - INFO - FIXED gps 정보를 적용합니다.
2025-08-06 22:01:25,514 - INFO - FIXED gps 정보는 {'latitude': 37.5491199, 'longitude': 127.167448, 'accuracy': 100} 입니다.
2025-08-06 22:01:25,885 - INFO - 모든 변경이 완료되었습니다...
2025-08-06 22:01:25,885 - INFO - ~~~~~~~~~~
2025-08-06 22:01:26,133 - INFO - [ NAVER_ID : yz890cdefg ]
2025-08-06 22:01:27,736 - INFO - [완료] 1. 네이버 모바일 홈페이지 get
2025-08-06 22:01:29,941 - INFO - [완료] 2. 네이버 사이드 메뉴
2025-08-06 22:01:32,783 - INFO - [완료] 3. 네이버 로그인 화면 - 페이지 get
2025-08-06 22:01:39,415 - INFO - [완료] 4. 네이버 로그인
2025-08-06 22:01:39,766 - INFO - (모바일) 메일 로그인 인증 작업을 시작합니다
2025-08-06 22:01:41,603 - INFO - 메일 내용 : 새로운 환경에서 로그인 되었습니다.
2025-08-06 22:01:41,626 - INFO - 새로운 환경 로그인 예 버튼을 누르러 들어갑니다.
2025-08-06 22:01:42,816 - INFO - 예 버튼을 찾습니다.
2025-08-06 22:01:43,258 - INFO - 예 버튼을 찾았습니다. 예 버튼을 누릅니다.
2025-08-06 22:01:44,702 - INFO - 예버튼을 눌렀습니다
2025-08-06 22:01:47,013 - INFO - [완료] 5. 네이버 메일 - 계정 로그인 확인
2025-08-06 22:01:53,524 - INFO - 글쓰기를 시작합니다
2025-08-06 22:02:05,182 - INFO - 소녀 등급 이상의 멤버만
쓸 수 있는 게시판 입니다.
현재 어린이 등급입니다.
2025-08-06 22:02:05,182 - INFO - 텔레그램 에러 메시지 : 소녀 등급 이상의 멤버만
쓸 수 있는 게시판 입니다.
현재 어린이 등급입니다.
2025-08-06 22:02:05,182 - INFO - 카페바이럴(글) :: 계정: yz890cdefg - 작업 실패 / 제목: 고양이가 너무 너무 좋아요!!
2025-08-06 22:02:06,658 - INFO - ==================================
2025-08-06 22:02:06,658 - INFO - ★★★ IP 변경 - START ★★★
2025-08-06 22:02:06,659 - INFO - [#1 mobile_ip 전환 - try ]
2025-08-06 22:02:06,922 - INFO - [# USB테더링 전환 #] - 성공
2025-08-06 22:02:06,922 - INFO - [#1 mobile_ip 전환 - success ]
2025-08-06 22:02:06,922 - INFO - -----------------------------
2025-08-06 22:02:06,922 - INFO - [#2 before_ip 추출] - try
2025-08-06 22:02:06,922 - INFO - -- 'https://ipinfo.io/ip'에서 public IP를 추출합니다....
2025-08-06 22:02:07,297 - INFO - -- 'https://ipinfo.io/ip' : 39.7.231.3
2025-08-06 22:02:07,298 - INFO - [#2 before_ip 추출] - success : 39.7.231.3
2025-08-06 22:02:07,298 - INFO - -----------------------------
2025-08-06 22:02:07,671 - INFO - --- 모바일 데이터 off - 성공
2025-08-06 22:02:08,046 - INFO - --- 비행기 모드 on - 성공
2025-08-06 22:02:08,410 - INFO - --- 비행기 모드 off - 성공
2025-08-06 22:02:08,808 - INFO - --- 모바일 데이터 on - 성공
2025-08-06 22:02:08,808 - INFO - [#3 after_ip 추출] - try
2025-08-06 22:02:08,808 - INFO - -- 'https://ipinfo.io/ip'에서 public IP를 추출합니다....
2025-08-06 22:02:09,822 - INFO - - 추출 실패 1/3 재시도
2025-08-06 22:02:10,714 - INFO - -- 'https://ipinfo.io/ip' : 39.7.28.57
2025-08-06 22:02:10,714 - INFO - [#3 after_ip 추출] - success : 39.7.28.57
2025-08-06 22:02:10,714 - INFO - Success -IP 변경(성공): before 39.7.231.3 => after 39.7.28.57
2025-08-06 22:02:10,714 - INFO - ★★★ IP 변경 - Success ★★★
2025-08-06 22:02:10,714 - INFO - ==================================
2025-08-06 22:02:11,895 - INFO - C:\program_cookies 폴더 크기: 0.50 GB
2025-08-06 22:02:11,902 - INFO - C:\program_cookies\Mobile_ghij456klmno 폴더 크기: 0.06 GB
2025-08-06 22:02:11,902 - INFO - 쿠키 기록을 남기도록 C:\program_cookies\Mobile_ghij456klmno 폴더를 지정합니다.
2025-08-06 22:02:11,913 - INFO - fixed UA가 있습니다.
2025-08-06 22:02:11,913 - INFO - fixed된 UA는 Mozilla/5.0 (Linux; Android 11; SM-A525F) AppleWebKit/537.36 (KHTML, like Gecko) Chrome/95.0.4621.1 Mobile Safari/537.36입니다.
2025-08-06 22:02:11,913 - INFO - 옵션 수동설정을 시작합니다.
2025-08-06 22:02:11,913 - INFO - 드라이브 옵션 기입 완료했습니다.
2025-08-06 22:02:12,530 - INFO - 크롬창을 열었습니다.
2025-08-06 22:02:12,531 - INFO - Android
2025-08-06 22:02:12,541 - INFO - geo 정보를 랜덤으로 변경합니다..
2025-08-06 22:02:12,541 - INFO - FIXED gps 정보를 적용합니다.
2025-08-06 22:02:12,542 - INFO - FIXED gps 정보는 {'latitude': 37.5491199, 'longitude': 127.167448, 'accuracy': 100} 입니다.
2025-08-06 22:02:12,915 - INFO - 모든 변경이 완료되었습니다...
2025-08-06 22:02:12,915 - INFO - ~~~~~~~~~~
2025-08-06 22:02:13,318 - INFO - [ NAVER_ID : ghij456klmno ]
2025-08-06 22:02:15,324 - INFO - [완료] 1. 네이버 모바일 홈페이지 get
2025-08-06 22:02:17,301 - INFO - [완료] 2. 네이버 사이드 메뉴
2025-08-06 22:02:20,442 - INFO - [완료] 3. 네이버 로그인 화면 - 페이지 get
2025-08-06 22:02:27,428 - INFO - [완료] 4. 네이버 로그인
2025-08-06 22:02:28,080 - INFO - ==================================
2025-08-06 22:02:30,618 - INFO - ==================================
2025-08-06 22:02:35,360 - INFO - [로그인 실패] ghij456klmno : 네이버ID 보호조치 창 활성화 - 정상적인 로그인에 실패했습니다
[3단계 보호조치] 휴대전화
2025-08-06 22:02:35,360 - INFO - 텔레그램 에러 메시지 : [로그인 실패] ghij456klmno : 네이버ID 보호조치 창 활성화 - 정상적인 로그인에 실패했습니다
[3단계 보호조치] 휴대전화
2025-08-06 22:02:36,720 - INFO - [ cafe_viral_viewnum_comment.py 프로그램 ] - < 강제 종료 발생 >
[로그인 실패] ghij456klmno : 네이버ID 보호조치 창 활성화 - 정상적인 로그인에 실패했습니다
[3단계 보호조치] 휴대전화

Traceback (most recent call last):
  File "C:\Users\user\Desktop\Bridzzi\src\naver\Cafe_Viral\cafe_viral_viewnum_comment.py", line 1081, in <module>
    if status := naver_cafe_bot.cafe_post_comment_start(googlesheet):
                 ^^^^^^^^^^^^^^^^^^^^^^^^^^^^^^^^^^^^^^^^^^^^^^^^^^^
  File "C:\Users\user\Desktop\Bridzzi\util\platform\naver\n_cafe_bot.py", line 837, in cafe_post_comment_start
    is_completd_cafe_viral = self.cafe_viral_contents_process()
                             ^^^^^^^^^^^^^^^^^^^^^^^^^^^^^^^^^^
  File "C:\Users\user\Desktop\Bridzzi\util\platform\naver\n_cafe_bot.py", line 653, in cafe_viral_contents_process
    self._ID_inint_browser(data)
  File "C:\Users\user\Desktop\Bridzzi\util\platform\naver\n_cafe_bot.py", line 45, in _ID_inint_browser
    self.naver_login_mo(_id=data["ID"], _pw=data["PW"])
  File "C:\Users\user\Desktop\Bridzzi\util\platform\naver\base\naver_base.py", line 174, in naver_login_mo
    self._check_id_safety_mo()
  File "C:\Users\user\Desktop\Bridzzi\util\platform\naver\base\naver_base.py", line 231, in _check_id_safety_mo
    raise errors.SafetyIDError(error_message)
util.error_log.errors.SafetyIDError: [로그인 실패] ghij456klmno : 네이버ID 보호조치 창 활성화 - 정상적인 로그인에 실패했습니다
[3단계 보호조치] 휴대전화
2025-08-06 22:02:36,720 - INFO - 텔레그램 에러 메시지 : [ cafe_viral_viewnum_comment.py 프로그램 ] - < 강제 종료 발생 >
[로그인 실패] ghij456klmno : 네이버ID 보호조치 창 활성화 - 정상적인 로그인에 실패했습니다
[3단계 보호조치] 휴대전화

Traceback (most recent call last):
  File "C:\Users\user\Desktop\Bridzzi\src\naver\Cafe_Viral\cafe_viral_viewnum_comment.py", line 1081, in <module>
    if status := naver_cafe_bot.cafe_post_comment_start(googlesheet):
                 ^^^^^^^^^^^^^^^^^^^^^^^^^^^^^^^^^^^^^^^^^^^^^^^^^^^
  File "C:\Users\user\Desktop\Bridzzi\util\platform\naver\n_cafe_bot.py", line 837, in cafe_post_comment_start
    is_completd_cafe_viral = self.cafe_viral_contents_process()
                             ^^^^^^^^^^^^^^^^^^^^^^^^^^^^^^^^^^
  File "C:\Users\user\Desktop\Bridzzi\util\platform\naver\n_cafe_bot.py", line 653, in cafe_viral_contents_process
    self._ID_inint_browser(data)
  File "C:\Users\user\Desktop\Bridzzi\util\platform\naver\n_cafe_bot.py", line 45, in _ID_inint_browser
    self.naver_login_mo(_id=data["ID"], _pw=data["PW"])
  File "C:\Users\user\Desktop\Bridzzi\util\platform\naver\base\naver_base.py", line 174, in naver_login_mo
    self._check_id_safety_mo()
  File "C:\Users\user\Desktop\Bridzzi\util\platform\naver\base\naver_base.py", line 231, in _check_id_safety_mo
    raise errors.SafetyIDError(error_message)
util.error_log.errors.SafetyIDError: [로그인 실패] ghij456klmno : 네이버ID 보호조치 창 활성화 - 정상적인 로그인에 실패했습니다
[3단계 보호조치] 휴대전화
2025-08-06 22:02:38,060 - INFO - ✅ chromedriver 종료 결과: ChromeDriver 종료
2025-08-06 22:02:38,061 - INFO - ✅ Chrome 종료 결과: Chrome 종료
2025-08-06 22:02:38,516 - INFO - ✅ chromedriver 종료 결과: ChromeDriver 종료
2025-08-06 22:02:38,516 - INFO - ✅ Chrome 종료 결과: Chrome 종료
2025-08-06 22:02:39,518 - INFO - ==================================
2025-08-06 22:02:39,518 - INFO - ★ 크롬 브라우저 - 자동 업데이트 ★
2025-08-06 22:02:39,678 - INFO - ==================================
2025-08-06 22:02:39,678 - INFO - ★ 이더넷(유선 & Wi-Fi) 전환 - 시도 ★
2025-08-06 22:02:39,838 - INFO - -----------------------------
2025-08-06 22:02:39,838 - INFO - 모바일 USB 어뎁터 - 비활성화(시도 & 명령어 작동)
2025-08-06 22:02:40,194 - ERROR - Exception in thread
2025-08-06 22:02:40,210 - ERROR - Thread-25 (bg)
2025-08-06 22:02:40,222 - ERROR - :
2025-08-06 22:02:40,238 - ERROR - Traceback (most recent call last):
2025-08-06 22:02:40,240 - ERROR - File "c:\Users\user\anaconda3\envs\AutoPro\Lib\site-packages\urllib3\connectionpool.py", line 787, in urlopen
2025-08-06 22:02:40,275 - ERROR - response = self._make_request(
2025-08-06 22:02:40,276 - ERROR - ^
2025-08-06 22:02:40,282 - ERROR - ^
2025-08-06 22:02:40,291 - ERROR - ^
2025-08-06 22:02:40,298 - ERROR - ^
2025-08-06 22:02:40,304 - ERROR - ^
2025-08-06 22:02:40,315 - ERROR - ^
2025-08-06 22:02:40,321 - ERROR - ^
2025-08-06 22:02:40,324 - ERROR - ^
2025-08-06 22:02:40,328 - ERROR - ^
2025-08-06 22:02:40,328 - ERROR - ^
2025-08-06 22:02:40,330 - ERROR - ^
2025-08-06 22:02:40,331 - ERROR - ^
2025-08-06 22:02:40,331 - ERROR - ^
2025-08-06 22:02:40,332 - ERROR - ^
2025-08-06 22:02:40,332 - ERROR - ^
2025-08-06 22:02:40,332 - ERROR - ^
2025-08-06 22:02:40,332 - ERROR - ^
2025-08-06 22:02:40,332 - ERROR - ^
2025-08-06 22:02:40,333 - ERROR - ^
2025-08-06 22:02:40,333 - ERROR - File "c:\Users\user\anaconda3\envs\AutoPro\Lib\site-packages\urllib3\connectionpool.py", line 488, in _make_request
2025-08-06 22:02:40,336 - ERROR - raise new_e
2025-08-06 22:02:40,336 - ERROR - File "c:\Users\user\anaconda3\envs\AutoPro\Lib\site-packages\urllib3\connectionpool.py", line 464, in _make_request
2025-08-06 22:02:40,340 - ERROR - self._validate_conn(conn)
2025-08-06 22:02:40,341 - ERROR - File "c:\Users\user\anaconda3\envs\AutoPro\Lib\site-packages\urllib3\connectionpool.py", line 1093, in _validate_conn
2025-08-06 22:02:40,346 - ERROR - conn.connect()
2025-08-06 22:02:40,347 - ERROR - File "c:\Users\user\anaconda3\envs\AutoPro\Lib\site-packages\urllib3\connection.py", line 741, in connect
2025-08-06 22:02:40,351 - INFO - -----------------------------
2025-08-06 22:02:40,353 - INFO - 이더넷(WI-FI, 랜선) 어뎁터 - 활성화(시도 & 명령어 작동)
2025-08-06 22:02:40,354 - ERROR - sock_and_verified = _ssl_wrap_socket_and_match_hostname(
2025-08-06 22:02:40,355 - ERROR - ^
2025-08-06 22:02:40,356 - ERROR - ^
2025-08-06 22:02:40,358 - ERROR - ^
2025-08-06 22:02:40,358 - ERROR - ^
2025-08-06 22:02:40,362 - ERROR - ^
2025-08-06 22:02:40,364 - ERROR - ^
2025-08-06 22:02:40,365 - ERROR - ^
2025-08-06 22:02:40,365 - ERROR - ^
2025-08-06 22:02:40,365 - ERROR - ^
2025-08-06 22:02:40,365 - ERROR - ^
2025-08-06 22:02:40,366 - ERROR - ^
2025-08-06 22:02:40,368 - ERROR - ^
2025-08-06 22:02:40,369 - ERROR - ^
2025-08-06 22:02:40,370 - ERROR - ^
2025-08-06 22:02:40,372 - ERROR - ^
2025-08-06 22:02:40,374 - ERROR - ^
2025-08-06 22:02:40,375 - ERROR - ^
2025-08-06 22:02:40,376 - ERROR - ^
2025-08-06 22:02:40,376 - ERROR - ^
2025-08-06 22:02:40,376 - ERROR - ^
2025-08-06 22:02:40,376 - ERROR - ^
2025-08-06 22:02:40,376 - ERROR - ^
2025-08-06 22:02:40,378 - ERROR - ^
2025-08-06 22:02:40,379 - ERROR - ^
2025-08-06 22:02:40,379 - ERROR - ^
2025-08-06 22:02:40,379 - ERROR - ^
2025-08-06 22:02:40,379 - ERROR - ^
2025-08-06 22:02:40,379 - ERROR - ^
2025-08-06 22:02:40,380 - ERROR - ^
2025-08-06 22:02:40,380 - ERROR - ^
2025-08-06 22:02:40,380 - ERROR - ^
2025-08-06 22:02:40,381 - ERROR - ^
2025-08-06 22:02:40,381 - ERROR - ^
2025-08-06 22:02:40,382 - ERROR - ^
2025-08-06 22:02:40,383 - ERROR - ^
2025-08-06 22:02:40,387 - ERROR - ^
2025-08-06 22:02:40,388 - ERROR - File "c:\Users\user\anaconda3\envs\AutoPro\Lib\site-packages\urllib3\connection.py", line 920, in _ssl_wrap_socket_and_match_hostname
2025-08-06 22:02:40,390 - ERROR - ssl_sock = ssl_wrap_socket(
2025-08-06 22:02:40,390 - ERROR - ^
2025-08-06 22:02:40,391 - ERROR - ^
2025-08-06 22:02:40,392 - ERROR - ^
2025-08-06 22:02:40,392 - ERROR - ^
2025-08-06 22:02:40,393 - ERROR - ^
2025-08-06 22:02:40,393 - ERROR - ^
2025-08-06 22:02:40,393 - ERROR - ^
2025-08-06 22:02:40,394 - ERROR - ^
2025-08-06 22:02:40,395 - ERROR - ^
2025-08-06 22:02:40,395 - ERROR - ^
2025-08-06 22:02:40,395 - ERROR - ^
2025-08-06 22:02:40,395 - ERROR - ^
2025-08-06 22:02:40,395 - ERROR - ^
2025-08-06 22:02:40,396 - ERROR - ^
2025-08-06 22:02:40,396 - ERROR - ^
2025-08-06 22:02:40,396 - ERROR - ^
2025-08-06 22:02:40,396 - ERROR - File "c:\Users\user\anaconda3\envs\AutoPro\Lib\site-packages\urllib3\util\ssl_.py", line 480, in ssl_wrap_socket
2025-08-06 22:02:40,397 - ERROR - ssl_sock = _ssl_wrap_socket_impl(sock, context, tls_in_tls, server_hostname)
2025-08-06 22:02:40,397 - ERROR - ^
2025-08-06 22:02:40,397 - ERROR - ^
2025-08-06 22:02:40,398 - ERROR - ^
2025-08-06 22:02:40,398 - ERROR - ^
2025-08-06 22:02:40,398 - ERROR - ^
2025-08-06 22:02:40,398 - ERROR - ^
2025-08-06 22:02:40,398 - ERROR - ^
2025-08-06 22:02:40,398 - ERROR - ^
2025-08-06 22:02:40,399 - ERROR - ^
2025-08-06 22:02:40,399 - ERROR - ^
2025-08-06 22:02:40,399 - ERROR - ^
2025-08-06 22:02:40,399 - ERROR - ^
2025-08-06 22:02:40,399 - ERROR - ^
2025-08-06 22:02:40,401 - ERROR - ^
2025-08-06 22:02:40,401 - ERROR - ^
2025-08-06 22:02:40,402 - ERROR - ^
2025-08-06 22:02:40,402 - ERROR - ^
2025-08-06 22:02:40,402 - ERROR - ^
2025-08-06 22:02:40,402 - ERROR - ^
2025-08-06 22:02:40,402 - ERROR - ^
2025-08-06 22:02:40,403 - ERROR - ^
2025-08-06 22:02:40,403 - ERROR - ^
2025-08-06 22:02:40,403 - ERROR - ^
2025-08-06 22:02:40,403 - ERROR - ^
2025-08-06 22:02:40,403 - ERROR - ^
2025-08-06 22:02:40,404 - ERROR - ^
2025-08-06 22:02:40,404 - ERROR - ^
2025-08-06 22:02:40,404 - ERROR - ^
2025-08-06 22:02:40,404 - ERROR - ^
2025-08-06 22:02:40,404 - ERROR - ^
2025-08-06 22:02:40,404 - ERROR - ^
2025-08-06 22:02:40,404 - ERROR - ^
2025-08-06 22:02:40,405 - ERROR - ^
2025-08-06 22:02:40,405 - ERROR - ^
2025-08-06 22:02:40,405 - ERROR - ^
2025-08-06 22:02:40,405 - ERROR - ^
2025-08-06 22:02:40,405 - ERROR - ^
2025-08-06 22:02:40,405 - ERROR - ^
2025-08-06 22:02:40,405 - ERROR - ^
2025-08-06 22:02:40,406 - ERROR - ^
2025-08-06 22:02:40,406 - ERROR - ^
2025-08-06 22:02:40,406 - ERROR - ^
2025-08-06 22:02:40,406 - ERROR - ^
2025-08-06 22:02:40,407 - ERROR - ^
2025-08-06 22:02:40,407 - ERROR - ^
2025-08-06 22:02:40,407 - ERROR - ^
2025-08-06 22:02:40,407 - ERROR - ^
2025-08-06 22:02:40,408 - ERROR - ^
2025-08-06 22:02:40,408 - ERROR - ^
2025-08-06 22:02:40,408 - ERROR - ^
2025-08-06 22:02:40,408 - ERROR - ^
2025-08-06 22:02:40,408 - ERROR - ^
2025-08-06 22:02:40,408 - ERROR - ^
2025-08-06 22:02:40,409 - ERROR - ^
2025-08-06 22:02:40,409 - ERROR - ^
2025-08-06 22:02:40,409 - ERROR - ^
2025-08-06 22:02:40,410 - ERROR - ^
2025-08-06 22:02:40,411 - ERROR - ^
2025-08-06 22:02:40,411 - ERROR - ^
2025-08-06 22:02:40,411 - ERROR - ^
2025-08-06 22:02:40,411 - ERROR - ^
2025-08-06 22:02:40,411 - ERROR - ^
2025-08-06 22:02:40,411 - ERROR - ^
2025-08-06 22:02:40,412 - ERROR - ^
2025-08-06 22:02:40,412 - ERROR - ^
2025-08-06 22:02:40,412 - ERROR - File "c:\Users\user\anaconda3\envs\AutoPro\Lib\site-packages\urllib3\util\ssl_.py", line 524, in _ssl_wrap_socket_impl
2025-08-06 22:02:40,413 - ERROR - return ssl_context.wrap_socket(sock, server_hostname=server_hostname)
2025-08-06 22:02:40,414 - ERROR - ^
2025-08-06 22:02:40,414 - ERROR - ^
2025-08-06 22:02:40,414 - ERROR - ^
2025-08-06 22:02:40,414 - ERROR - ^
2025-08-06 22:02:40,414 - ERROR - ^
2025-08-06 22:02:40,414 - ERROR - ^
2025-08-06 22:02:40,414 - ERROR - ^
2025-08-06 22:02:40,415 - ERROR - ^
2025-08-06 22:02:40,416 - ERROR - ^
2025-08-06 22:02:40,416 - ERROR - ^
2025-08-06 22:02:40,416 - ERROR - ^
2025-08-06 22:02:40,416 - ERROR - ^
2025-08-06 22:02:40,419 - ERROR - ^
2025-08-06 22:02:40,420 - ERROR - ^
2025-08-06 22:02:40,420 - ERROR - ^
2025-08-06 22:02:40,420 - ERROR - ^
2025-08-06 22:02:40,421 - ERROR - ^
2025-08-06 22:02:40,421 - ERROR - ^
2025-08-06 22:02:40,421 - ERROR - ^
2025-08-06 22:02:40,421 - ERROR - ^
2025-08-06 22:02:40,422 - ERROR - ^
2025-08-06 22:02:40,422 - ERROR - ^
2025-08-06 22:02:40,422 - ERROR - ^
2025-08-06 22:02:40,422 - ERROR - ^
2025-08-06 22:02:40,422 - ERROR - ^
2025-08-06 22:02:40,422 - ERROR - ^
2025-08-06 22:02:40,422 - ERROR - ^
2025-08-06 22:02:40,422 - ERROR - ^
2025-08-06 22:02:40,423 - ERROR - ^
2025-08-06 22:02:40,423 - ERROR - ^
2025-08-06 22:02:40,423 - ERROR - ^
2025-08-06 22:02:40,423 - ERROR - ^
2025-08-06 22:02:40,423 - ERROR - ^
2025-08-06 22:02:40,423 - ERROR - ^
2025-08-06 22:02:40,424 - ERROR - ^
2025-08-06 22:02:40,424 - ERROR - ^
2025-08-06 22:02:40,424 - ERROR - ^
2025-08-06 22:02:40,424 - ERROR - ^
2025-08-06 22:02:40,424 - ERROR - ^
2025-08-06 22:02:40,424 - ERROR - ^
2025-08-06 22:02:40,424 - ERROR - ^
2025-08-06 22:02:40,424 - ERROR - ^
2025-08-06 22:02:40,424 - ERROR - ^
2025-08-06 22:02:40,425 - ERROR - ^
2025-08-06 22:02:40,425 - ERROR - ^
2025-08-06 22:02:40,425 - ERROR - ^
2025-08-06 22:02:40,425 - ERROR - ^
2025-08-06 22:02:40,426 - ERROR - ^
2025-08-06 22:02:40,426 - ERROR - ^
2025-08-06 22:02:40,426 - ERROR - ^
2025-08-06 22:02:40,428 - ERROR - ^
2025-08-06 22:02:40,428 - ERROR - ^
2025-08-06 22:02:40,428 - ERROR - ^
2025-08-06 22:02:40,428 - ERROR - ^
2025-08-06 22:02:40,429 - ERROR - ^
2025-08-06 22:02:40,429 - ERROR - ^
2025-08-06 22:02:40,429 - ERROR - ^
2025-08-06 22:02:40,429 - ERROR - ^
2025-08-06 22:02:40,429 - ERROR - ^
2025-08-06 22:02:40,430 - ERROR - ^
2025-08-06 22:02:40,430 - ERROR - ^
2025-08-06 22:02:40,430 - ERROR - ^
2025-08-06 22:02:40,430 - ERROR - File "c:\Users\user\anaconda3\envs\AutoPro\Lib\ssl.py", line 455, in wrap_socket
2025-08-06 22:02:40,432 - ERROR - return self.sslsocket_class._create(
2025-08-06 22:02:40,432 - ERROR - ^
2025-08-06 22:02:40,432 - ERROR - ^
2025-08-06 22:02:40,432 - ERROR - ^
2025-08-06 22:02:40,433 - ERROR - ^
2025-08-06 22:02:40,433 - ERROR - ^
2025-08-06 22:02:40,433 - ERROR - ^
2025-08-06 22:02:40,433 - ERROR - ^
2025-08-06 22:02:40,433 - ERROR - ^
2025-08-06 22:02:40,433 - ERROR - ^
2025-08-06 22:02:40,434 - ERROR - ^
2025-08-06 22:02:40,434 - ERROR - ^
2025-08-06 22:02:40,435 - ERROR - ^
2025-08-06 22:02:40,437 - ERROR - ^
2025-08-06 22:02:40,438 - ERROR - ^
2025-08-06 22:02:40,438 - ERROR - ^
2025-08-06 22:02:40,438 - ERROR - ^
2025-08-06 22:02:40,438 - ERROR - ^
2025-08-06 22:02:40,438 - ERROR - ^
2025-08-06 22:02:40,438 - ERROR - ^
2025-08-06 22:02:40,438 - ERROR - ^
2025-08-06 22:02:40,438 - ERROR - ^
2025-08-06 22:02:40,438 - ERROR - ^
2025-08-06 22:02:40,438 - ERROR - ^
2025-08-06 22:02:40,438 - ERROR - ^
2025-08-06 22:02:40,439 - ERROR - ^
2025-08-06 22:02:40,439 - ERROR - ^
2025-08-06 22:02:40,439 - ERROR - ^
2025-08-06 22:02:40,439 - ERROR - ^
2025-08-06 22:02:40,439 - ERROR - ^
2025-08-06 22:02:40,439 - ERROR - File "c:\Users\user\anaconda3\envs\AutoPro\Lib\ssl.py", line 1041, in _create
2025-08-06 22:02:40,440 - ERROR - self.do_handshake()
2025-08-06 22:02:40,440 - ERROR - File "c:\Users\user\anaconda3\envs\AutoPro\Lib\ssl.py", line 1319, in do_handshake
2025-08-06 22:02:40,442 - ERROR - self._sslobj.do_handshake()
2025-08-06 22:02:40,443 - ERROR - ConnectionAbortedError
2025-08-06 22:02:40,444 - ERROR - :
2025-08-06 22:02:40,445 - ERROR - [WinError 10053] 현재 연결은 사용자의 호스트 시스템의 소프트웨어의 의해 중단되었습니다
2025-08-06 22:02:40,445 - ERROR - During handling of the above exception, another exception occurred:
2025-08-06 22:02:40,445 - ERROR - Traceback (most recent call last):
2025-08-06 22:02:40,445 - ERROR - File "c:\Users\user\anaconda3\envs\AutoPro\Lib\site-packages\requests\adapters.py", line 667, in send
2025-08-06 22:02:40,448 - ERROR - resp = conn.urlopen(
2025-08-06 22:02:40,448 - ERROR - ^
2025-08-06 22:02:40,448 - ERROR - ^
2025-08-06 22:02:40,448 - ERROR - ^
2025-08-06 22:02:40,449 - ERROR - ^
2025-08-06 22:02:40,449 - ERROR - ^
2025-08-06 22:02:40,449 - ERROR - ^
2025-08-06 22:02:40,449 - ERROR - ^
2025-08-06 22:02:40,449 - ERROR - ^
2025-08-06 22:02:40,449 - ERROR - ^
2025-08-06 22:02:40,449 - ERROR - ^
2025-08-06 22:02:40,449 - ERROR - ^
2025-08-06 22:02:40,450 - ERROR - ^
2025-08-06 22:02:40,450 - ERROR - ^
2025-08-06 22:02:40,450 - ERROR - File "c:\Users\user\anaconda3\envs\AutoPro\Lib\site-packages\urllib3\connectionpool.py", line 841, in urlopen
2025-08-06 22:02:40,451 - ERROR - retries = retries.increment(
2025-08-06 22:02:40,452 - ERROR - ^
2025-08-06 22:02:40,452 - ERROR - ^
2025-08-06 22:02:40,452 - ERROR - ^
2025-08-06 22:02:40,452 - ERROR - ^
2025-08-06 22:02:40,452 - ERROR - ^
2025-08-06 22:02:40,453 - ERROR - ^
2025-08-06 22:02:40,453 - ERROR - ^
2025-08-06 22:02:40,453 - ERROR - ^
2025-08-06 22:02:40,453 - ERROR - ^
2025-08-06 22:02:40,453 - ERROR - ^
2025-08-06 22:02:40,453 - ERROR - ^
2025-08-06 22:02:40,454 - ERROR - ^
2025-08-06 22:02:40,454 - ERROR - ^
2025-08-06 22:02:40,454 - ERROR - ^
2025-08-06 22:02:40,454 - ERROR - ^
2025-08-06 22:02:40,454 - ERROR - ^
2025-08-06 22:02:40,454 - ERROR - ^
2025-08-06 22:02:40,454 - ERROR - ^
2025-08-06 22:02:40,455 - ERROR - File "c:\Users\user\anaconda3\envs\AutoPro\Lib\site-packages\urllib3\util\retry.py", line 474, in increment
2025-08-06 22:02:40,456 - ERROR - raise reraise(type(error), error, _stacktrace)
2025-08-06 22:02:40,456 - ERROR - ^
2025-08-06 22:02:40,456 - ERROR - ^
2025-08-06 22:02:40,456 - ERROR - ^
2025-08-06 22:02:40,456 - ERROR - ^
2025-08-06 22:02:40,456 - ERROR - ^
2025-08-06 22:02:40,456 - ERROR - ^
2025-08-06 22:02:40,457 - ERROR - ^
2025-08-06 22:02:40,457 - ERROR - ^
2025-08-06 22:02:40,457 - ERROR - ^
2025-08-06 22:02:40,457 - ERROR - ^
2025-08-06 22:02:40,457 - ERROR - ^
2025-08-06 22:02:40,457 - ERROR - ^
2025-08-06 22:02:40,457 - ERROR - ^
2025-08-06 22:02:40,458 - ERROR - ^
2025-08-06 22:02:40,458 - ERROR - ^
2025-08-06 22:02:40,458 - ERROR - ^
2025-08-06 22:02:40,458 - ERROR - ^
2025-08-06 22:02:40,458 - ERROR - ^
2025-08-06 22:02:40,458 - ERROR - ^
2025-08-06 22:02:40,458 - ERROR - ^
2025-08-06 22:02:40,458 - ERROR - ^
2025-08-06 22:02:40,458 - ERROR - ^
2025-08-06 22:02:40,459 - ERROR - ^
2025-08-06 22:02:40,459 - ERROR - ^
2025-08-06 22:02:40,459 - ERROR - ^
2025-08-06 22:02:40,459 - ERROR - ^
2025-08-06 22:02:40,459 - ERROR - ^
2025-08-06 22:02:40,460 - ERROR - ^
2025-08-06 22:02:40,460 - ERROR - ^
2025-08-06 22:02:40,460 - ERROR - ^
2025-08-06 22:02:40,460 - ERROR - ^
2025-08-06 22:02:40,460 - ERROR - ^
2025-08-06 22:02:40,460 - ERROR - ^
2025-08-06 22:02:40,461 - ERROR - ^
2025-08-06 22:02:40,461 - ERROR - ^
2025-08-06 22:02:40,461 - ERROR - ^
2025-08-06 22:02:40,461 - ERROR - ^
2025-08-06 22:02:40,461 - ERROR - ^
2025-08-06 22:02:40,461 - ERROR - ^
2025-08-06 22:02:40,461 - ERROR - ^
2025-08-06 22:02:40,461 - ERROR - File "c:\Users\user\anaconda3\envs\AutoPro\Lib\site-packages\urllib3\util\util.py", line 38, in reraise
2025-08-06 22:02:40,463 - ERROR - raise value.with_traceback(tb)
2025-08-06 22:02:40,464 - ERROR - File "c:\Users\user\anaconda3\envs\AutoPro\Lib\site-packages\urllib3\connectionpool.py", line 787, in urlopen
2025-08-06 22:02:40,465 - ERROR - response = self._make_request(
2025-08-06 22:02:40,465 - ERROR - ^
2025-08-06 22:02:40,465 - ERROR - ^
2025-08-06 22:02:40,465 - ERROR - ^
2025-08-06 22:02:40,465 - ERROR - ^
2025-08-06 22:02:40,466 - ERROR - ^
2025-08-06 22:02:40,466 - ERROR - ^
2025-08-06 22:02:40,466 - ERROR - ^
2025-08-06 22:02:40,466 - ERROR - ^
2025-08-06 22:02:40,466 - ERROR - ^
2025-08-06 22:02:40,466 - ERROR - ^
2025-08-06 22:02:40,466 - ERROR - ^
2025-08-06 22:02:40,466 - ERROR - ^
2025-08-06 22:02:40,466 - ERROR - ^
2025-08-06 22:02:40,466 - ERROR - ^
2025-08-06 22:02:40,467 - ERROR - ^
2025-08-06 22:02:40,467 - ERROR - ^
2025-08-06 22:02:40,467 - ERROR - ^
2025-08-06 22:02:40,467 - ERROR - ^
2025-08-06 22:02:40,467 - ERROR - ^
2025-08-06 22:02:40,467 - ERROR - File "c:\Users\user\anaconda3\envs\AutoPro\Lib\site-packages\urllib3\connectionpool.py", line 488, in _make_request
2025-08-06 22:02:40,469 - ERROR - raise new_e
2025-08-06 22:02:40,469 - ERROR - File "c:\Users\user\anaconda3\envs\AutoPro\Lib\site-packages\urllib3\connectionpool.py", line 464, in _make_request
2025-08-06 22:02:40,470 - ERROR - self._validate_conn(conn)
2025-08-06 22:02:40,470 - ERROR - File "c:\Users\user\anaconda3\envs\AutoPro\Lib\site-packages\urllib3\connectionpool.py", line 1093, in _validate_conn
2025-08-06 22:02:40,471 - ERROR - conn.connect()
2025-08-06 22:02:40,471 - ERROR - File "c:\Users\user\anaconda3\envs\AutoPro\Lib\site-packages\urllib3\connection.py", line 741, in connect
2025-08-06 22:02:40,472 - ERROR - sock_and_verified = _ssl_wrap_socket_and_match_hostname(
2025-08-06 22:02:40,472 - ERROR - ^
2025-08-06 22:02:40,473 - ERROR - ^
2025-08-06 22:02:40,473 - ERROR - ^
2025-08-06 22:02:40,473 - ERROR - ^
2025-08-06 22:02:40,473 - ERROR - ^
2025-08-06 22:02:40,473 - ERROR - ^
2025-08-06 22:02:40,473 - ERROR - ^
2025-08-06 22:02:40,473 - ERROR - ^
2025-08-06 22:02:40,473 - ERROR - ^
2025-08-06 22:02:40,473 - ERROR - ^
2025-08-06 22:02:40,474 - ERROR - ^
2025-08-06 22:02:40,474 - ERROR - ^
2025-08-06 22:02:40,474 - ERROR - ^
2025-08-06 22:02:40,474 - ERROR - ^
2025-08-06 22:02:40,474 - ERROR - ^
2025-08-06 22:02:40,474 - ERROR - ^
2025-08-06 22:02:40,474 - ERROR - ^
2025-08-06 22:02:40,474 - ERROR - ^
2025-08-06 22:02:40,474 - ERROR - ^
2025-08-06 22:02:40,474 - ERROR - ^
2025-08-06 22:02:40,474 - ERROR - ^
2025-08-06 22:02:40,474 - ERROR - ^
2025-08-06 22:02:40,475 - ERROR - ^
2025-08-06 22:02:40,475 - ERROR - ^
2025-08-06 22:02:40,475 - ERROR - ^
2025-08-06 22:02:40,475 - ERROR - ^
2025-08-06 22:02:40,475 - ERROR - ^
2025-08-06 22:02:40,475 - ERROR - ^
2025-08-06 22:02:40,475 - ERROR - ^
2025-08-06 22:02:40,476 - ERROR - ^
2025-08-06 22:02:40,476 - ERROR - ^
2025-08-06 22:02:40,476 - ERROR - ^
2025-08-06 22:02:40,477 - ERROR - ^
2025-08-06 22:02:40,477 - ERROR - ^
2025-08-06 22:02:40,477 - ERROR - ^
2025-08-06 22:02:40,478 - ERROR - ^
2025-08-06 22:02:40,478 - ERROR - File "c:\Users\user\anaconda3\envs\AutoPro\Lib\site-packages\urllib3\connection.py", line 920, in _ssl_wrap_socket_and_match_hostname
2025-08-06 22:02:40,479 - ERROR - ssl_sock = ssl_wrap_socket(
2025-08-06 22:02:40,479 - ERROR - ^
2025-08-06 22:02:40,479 - ERROR - ^
2025-08-06 22:02:40,479 - ERROR - ^
2025-08-06 22:02:40,479 - ERROR - ^
2025-08-06 22:02:40,480 - ERROR - ^
2025-08-06 22:02:40,480 - ERROR - ^
2025-08-06 22:02:40,480 - ERROR - ^
2025-08-06 22:02:40,480 - ERROR - ^
2025-08-06 22:02:40,480 - ERROR - ^
2025-08-06 22:02:40,480 - ERROR - ^
2025-08-06 22:02:40,480 - ERROR - ^
2025-08-06 22:02:40,480 - ERROR - ^
2025-08-06 22:02:40,480 - ERROR - ^
2025-08-06 22:02:40,481 - ERROR - ^
2025-08-06 22:02:40,481 - ERROR - ^
2025-08-06 22:02:40,481 - ERROR - ^
2025-08-06 22:02:40,481 - ERROR - File "c:\Users\user\anaconda3\envs\AutoPro\Lib\site-packages\urllib3\util\ssl_.py", line 480, in ssl_wrap_socket
2025-08-06 22:02:40,482 - ERROR - ssl_sock = _ssl_wrap_socket_impl(sock, context, tls_in_tls, server_hostname)
2025-08-06 22:02:40,482 - ERROR - ^
2025-08-06 22:02:40,482 - ERROR - ^
2025-08-06 22:02:40,482 - ERROR - ^
2025-08-06 22:02:40,482 - ERROR - ^
2025-08-06 22:02:40,482 - ERROR - ^
2025-08-06 22:02:40,482 - ERROR - ^
2025-08-06 22:02:40,482 - ERROR - ^
2025-08-06 22:02:40,483 - ERROR - ^
2025-08-06 22:02:40,483 - ERROR - ^
2025-08-06 22:02:40,483 - ERROR - ^
2025-08-06 22:02:40,483 - ERROR - ^
2025-08-06 22:02:40,483 - ERROR - ^
2025-08-06 22:02:40,484 - ERROR - ^
2025-08-06 22:02:40,484 - ERROR - ^
2025-08-06 22:02:40,484 - ERROR - ^
2025-08-06 22:02:40,484 - ERROR - ^
2025-08-06 22:02:40,484 - ERROR - ^
2025-08-06 22:02:40,484 - ERROR - ^
2025-08-06 22:02:40,485 - ERROR - ^
2025-08-06 22:02:40,485 - ERROR - ^
2025-08-06 22:02:40,485 - ERROR - ^
2025-08-06 22:02:40,485 - ERROR - ^
2025-08-06 22:02:40,485 - ERROR - ^
2025-08-06 22:02:40,485 - ERROR - ^
2025-08-06 22:02:40,486 - ERROR - ^
2025-08-06 22:02:40,486 - ERROR - ^
2025-08-06 22:02:40,486 - ERROR - ^
2025-08-06 22:02:40,486 - ERROR - ^
2025-08-06 22:02:40,486 - ERROR - ^
2025-08-06 22:02:40,486 - ERROR - ^
2025-08-06 22:02:40,486 - ERROR - ^
2025-08-06 22:02:40,486 - ERROR - ^
2025-08-06 22:02:40,486 - ERROR - ^
2025-08-06 22:02:40,486 - ERROR - ^
2025-08-06 22:02:40,486 - ERROR - ^
2025-08-06 22:02:40,486 - ERROR - ^
2025-08-06 22:02:40,488 - ERROR - ^
2025-08-06 22:02:40,488 - ERROR - ^
2025-08-06 22:02:40,488 - ERROR - ^
2025-08-06 22:02:40,488 - ERROR - ^
2025-08-06 22:02:40,488 - ERROR - ^
2025-08-06 22:02:40,488 - ERROR - ^
2025-08-06 22:02:40,488 - ERROR - ^
2025-08-06 22:02:40,488 - ERROR - ^
2025-08-06 22:02:40,488 - ERROR - ^
2025-08-06 22:02:40,488 - ERROR - ^
2025-08-06 22:02:40,489 - ERROR - ^
2025-08-06 22:02:40,489 - ERROR - ^
2025-08-06 22:02:40,489 - ERROR - ^
2025-08-06 22:02:40,489 - ERROR - ^
2025-08-06 22:02:40,489 - ERROR - ^
2025-08-06 22:02:40,489 - ERROR - ^
2025-08-06 22:02:40,489 - ERROR - ^
2025-08-06 22:02:40,489 - ERROR - ^
2025-08-06 22:02:40,489 - ERROR - ^
2025-08-06 22:02:40,490 - ERROR - ^
2025-08-06 22:02:40,490 - ERROR - ^
2025-08-06 22:02:40,490 - ERROR - ^
2025-08-06 22:02:40,490 - ERROR - ^
2025-08-06 22:02:40,490 - ERROR - ^
2025-08-06 22:02:40,490 - ERROR - ^
2025-08-06 22:02:40,490 - ERROR - ^
2025-08-06 22:02:40,490 - ERROR - ^
2025-08-06 22:02:40,490 - ERROR - ^
2025-08-06 22:02:40,491 - ERROR - ^
2025-08-06 22:02:40,491 - ERROR - File "c:\Users\user\anaconda3\envs\AutoPro\Lib\site-packages\urllib3\util\ssl_.py", line 524, in _ssl_wrap_socket_impl
2025-08-06 22:02:40,491 - ERROR - return ssl_context.wrap_socket(sock, server_hostname=server_hostname)
2025-08-06 22:02:40,491 - ERROR - ^
2025-08-06 22:02:40,492 - ERROR - ^
2025-08-06 22:02:40,492 - ERROR - ^
2025-08-06 22:02:40,492 - ERROR - ^
2025-08-06 22:02:40,492 - ERROR - ^
2025-08-06 22:02:40,492 - ERROR - ^
2025-08-06 22:02:40,492 - ERROR - ^
2025-08-06 22:02:40,493 - ERROR - ^
2025-08-06 22:02:40,493 - ERROR - ^
2025-08-06 22:02:40,493 - ERROR - ^
2025-08-06 22:02:40,493 - ERROR - ^
2025-08-06 22:02:40,493 - ERROR - ^
2025-08-06 22:02:40,493 - ERROR - ^
2025-08-06 22:02:40,494 - ERROR - ^
2025-08-06 22:02:40,494 - ERROR - ^
2025-08-06 22:02:40,494 - ERROR - ^
2025-08-06 22:02:40,494 - ERROR - ^
2025-08-06 22:02:40,494 - ERROR - ^
2025-08-06 22:02:40,495 - ERROR - ^
2025-08-06 22:02:40,495 - ERROR - ^
2025-08-06 22:02:40,495 - ERROR - ^
2025-08-06 22:02:40,495 - ERROR - ^
2025-08-06 22:02:40,495 - ERROR - ^
2025-08-06 22:02:40,495 - ERROR - ^
2025-08-06 22:02:40,495 - ERROR - ^
2025-08-06 22:02:40,495 - ERROR - ^
2025-08-06 22:02:40,496 - ERROR - ^
2025-08-06 22:02:40,496 - ERROR - ^
2025-08-06 22:02:40,496 - ERROR - ^
2025-08-06 22:02:40,496 - ERROR - ^
2025-08-06 22:02:40,496 - ERROR - ^
2025-08-06 22:02:40,496 - ERROR - ^
2025-08-06 22:02:40,496 - ERROR - ^
2025-08-06 22:02:40,496 - ERROR - ^
2025-08-06 22:02:40,497 - ERROR - ^
2025-08-06 22:02:40,497 - ERROR - ^
2025-08-06 22:02:40,497 - ERROR - ^
2025-08-06 22:02:40,497 - ERROR - ^
2025-08-06 22:02:40,497 - ERROR - ^
2025-08-06 22:02:40,497 - ERROR - ^
2025-08-06 22:02:40,497 - ERROR - ^
2025-08-06 22:02:40,498 - ERROR - ^
2025-08-06 22:02:40,498 - ERROR - ^
2025-08-06 22:02:40,498 - ERROR - ^
2025-08-06 22:02:40,498 - ERROR - ^
2025-08-06 22:02:40,498 - ERROR - ^
2025-08-06 22:02:40,499 - ERROR - ^
2025-08-06 22:02:40,499 - ERROR - ^
2025-08-06 22:02:40,499 - ERROR - ^
2025-08-06 22:02:40,499 - ERROR - ^
2025-08-06 22:02:40,499 - ERROR - ^
2025-08-06 22:02:40,499 - ERROR - ^
2025-08-06 22:02:40,500 - ERROR - ^
2025-08-06 22:02:40,500 - ERROR - ^
2025-08-06 22:02:40,500 - ERROR - ^
2025-08-06 22:02:40,500 - ERROR - ^
2025-08-06 22:02:40,500 - ERROR - ^
2025-08-06 22:02:40,500 - ERROR - ^
2025-08-06 22:02:40,500 - ERROR - ^
2025-08-06 22:02:40,500 - ERROR - ^
2025-08-06 22:02:40,500 - ERROR - ^
2025-08-06 22:02:40,500 - ERROR - ^
2025-08-06 22:02:40,501 - ERROR - File "c:\Users\user\anaconda3\envs\AutoPro\Lib\ssl.py", line 455, in wrap_socket
2025-08-06 22:02:40,502 - ERROR - return self.sslsocket_class._create(
2025-08-06 22:02:40,502 - ERROR - ^
2025-08-06 22:02:40,502 - ERROR - ^
2025-08-06 22:02:40,503 - ERROR - ^
2025-08-06 22:02:40,503 - ERROR - ^
2025-08-06 22:02:40,503 - ERROR - ^
2025-08-06 22:02:40,503 - ERROR - ^
2025-08-06 22:02:40,503 - ERROR - ^
2025-08-06 22:02:40,503 - ERROR - ^
2025-08-06 22:02:40,503 - ERROR - ^
2025-08-06 22:02:40,504 - ERROR - ^
2025-08-06 22:02:40,504 - ERROR - ^
2025-08-06 22:02:40,504 - ERROR - ^
2025-08-06 22:02:40,504 - ERROR - ^
2025-08-06 22:02:40,504 - ERROR - ^
2025-08-06 22:02:40,504 - ERROR - ^
2025-08-06 22:02:40,504 - ERROR - ^
2025-08-06 22:02:40,504 - ERROR - ^
2025-08-06 22:02:40,505 - ERROR - ^
2025-08-06 22:02:40,505 - ERROR - ^
2025-08-06 22:02:40,505 - ERROR - ^
2025-08-06 22:02:40,505 - ERROR - ^
2025-08-06 22:02:40,505 - ERROR - ^
2025-08-06 22:02:40,505 - ERROR - ^
2025-08-06 22:02:40,505 - ERROR - ^
2025-08-06 22:02:40,505 - ERROR - ^
2025-08-06 22:02:40,506 - ERROR - ^
2025-08-06 22:02:40,506 - ERROR - ^
2025-08-06 22:02:40,506 - ERROR - ^
2025-08-06 22:02:40,506 - ERROR - ^
2025-08-06 22:02:40,506 - ERROR - File "c:\Users\user\anaconda3\envs\AutoPro\Lib\ssl.py", line 1041, in _create
2025-08-06 22:02:40,507 - ERROR - self.do_handshake()
2025-08-06 22:02:40,507 - ERROR - File "c:\Users\user\anaconda3\envs\AutoPro\Lib\ssl.py", line 1319, in do_handshake
2025-08-06 22:02:40,508 - ERROR - self._sslobj.do_handshake()
2025-08-06 22:02:40,508 - ERROR - urllib3.exceptions
2025-08-06 22:02:40,508 - ERROR - .
2025-08-06 22:02:40,508 - ERROR - ProtocolError
2025-08-06 22:02:40,508 - ERROR - :
2025-08-06 22:02:40,509 - ERROR - ('Connection aborted.', ConnectionAbortedError(10053, '현재 연결은 사용자의 호스트 시스템의 소프트웨어의 의해 중단되었습니다', None, 10053, None))
2025-08-06 22:02:40,509 - ERROR - During handling of the above exception, another exception occurred:
2025-08-06 22:02:40,510 - ERROR - Traceback (most recent call last):
2025-08-06 22:02:40,510 - ERROR - File "c:\Users\user\anaconda3\envs\AutoPro\Lib\threading.py", line 1075, in _bootstrap_inner
2025-08-06 22:02:40,511 - ERROR - self.run()
2025-08-06 22:02:40,511 - ERROR - File "c:\Users\user\anaconda3\envs\AutoPro\Lib\threading.py", line 1012, in run
2025-08-06 22:02:40,513 - ERROR - self._target(*self._args, **self._kwargs)
2025-08-06 22:02:40,513 - ERROR - File "C:\Users\user\Desktop\Bridzzi\util\api\telegram.py", line 91, in bg
2025-08-06 22:02:40,514 - ERROR - asyncio.run(send_message_async(message, group_name))
2025-08-06 22:02:40,514 - ERROR - File "c:\Users\user\anaconda3\envs\AutoPro\Lib\asyncio\runners.py", line 194, in run
2025-08-06 22:02:40,515 - ERROR - return runner.run(main)
2025-08-06 22:02:40,515 - ERROR - ^
2025-08-06 22:02:40,515 - ERROR - ^
2025-08-06 22:02:40,515 - ERROR - ^
2025-08-06 22:02:40,515 - ERROR - ^
2025-08-06 22:02:40,515 - ERROR - ^
2025-08-06 22:02:40,516 - ERROR - ^
2025-08-06 22:02:40,516 - ERROR - ^
2025-08-06 22:02:40,516 - ERROR - ^
2025-08-06 22:02:40,516 - ERROR - ^
2025-08-06 22:02:40,516 - ERROR - ^
2025-08-06 22:02:40,516 - ERROR - ^
2025-08-06 22:02:40,516 - ERROR - ^
2025-08-06 22:02:40,516 - ERROR - ^
2025-08-06 22:02:40,516 - ERROR - ^
2025-08-06 22:02:40,516 - ERROR - ^
2025-08-06 22:02:40,517 - ERROR - ^
2025-08-06 22:02:40,517 - ERROR - File "c:\Users\user\anaconda3\envs\AutoPro\Lib\asyncio\runners.py", line 118, in run
2025-08-06 22:02:40,517 - ERROR - return self._loop.run_until_complete(task)
2025-08-06 22:02:40,517 - ERROR - ^
2025-08-06 22:02:40,517 - ERROR - ^
2025-08-06 22:02:40,518 - ERROR - ^
2025-08-06 22:02:40,518 - ERROR - ^
2025-08-06 22:02:40,518 - ERROR - ^
2025-08-06 22:02:40,518 - ERROR - ^
2025-08-06 22:02:40,518 - ERROR - ^
2025-08-06 22:02:40,518 - ERROR - ^
2025-08-06 22:02:40,518 - ERROR - ^
2025-08-06 22:02:40,518 - ERROR - ^
2025-08-06 22:02:40,518 - ERROR - ^
2025-08-06 22:02:40,518 - ERROR - ^
2025-08-06 22:02:40,519 - ERROR - ^
2025-08-06 22:02:40,519 - ERROR - ^
2025-08-06 22:02:40,519 - ERROR - ^
2025-08-06 22:02:40,519 - ERROR - ^
2025-08-06 22:02:40,519 - ERROR - ^
2025-08-06 22:02:40,519 - ERROR - ^
2025-08-06 22:02:40,519 - ERROR - ^
2025-08-06 22:02:40,519 - ERROR - ^
2025-08-06 22:02:40,519 - ERROR - ^
2025-08-06 22:02:40,520 - ERROR - ^
2025-08-06 22:02:40,520 - ERROR - ^
2025-08-06 22:02:40,520 - ERROR - ^
2025-08-06 22:02:40,520 - ERROR - ^
2025-08-06 22:02:40,520 - ERROR - ^
2025-08-06 22:02:40,520 - ERROR - ^
2025-08-06 22:02:40,520 - ERROR - ^
2025-08-06 22:02:40,520 - ERROR - ^
2025-08-06 22:02:40,520 - ERROR - ^
2025-08-06 22:02:40,521 - ERROR - ^
2025-08-06 22:02:40,521 - ERROR - ^
2025-08-06 22:02:40,521 - ERROR - ^
2025-08-06 22:02:40,521 - ERROR - ^
2025-08-06 22:02:40,521 - ERROR - ^
2025-08-06 22:02:40,521 - ERROR - File "c:\Users\user\anaconda3\envs\AutoPro\Lib\asyncio\base_events.py", line 686, in run_until_complete
2025-08-06 22:02:40,523 - ERROR - return future.result()
2025-08-06 22:02:40,523 - ERROR - ^
2025-08-06 22:02:40,523 - ERROR - ^
2025-08-06 22:02:40,523 - ERROR - ^
2025-08-06 22:02:40,523 - ERROR - ^
2025-08-06 22:02:40,523 - ERROR - ^
2025-08-06 22:02:40,523 - ERROR - ^
2025-08-06 22:02:40,523 - ERROR - ^
2025-08-06 22:02:40,523 - ERROR - ^
2025-08-06 22:02:40,523 - ERROR - ^
2025-08-06 22:02:40,523 - ERROR - ^
2025-08-06 22:02:40,524 - ERROR - ^
2025-08-06 22:02:40,524 - ERROR - ^
2025-08-06 22:02:40,524 - ERROR - ^
2025-08-06 22:02:40,524 - ERROR - ^
2025-08-06 22:02:40,524 - ERROR - ^
2025-08-06 22:02:40,524 - ERROR - File "C:\Users\user\Desktop\Bridzzi\util\api\telegram.py", line 47, in send_message_async
2025-08-06 22:02:40,524 - ERROR - requests.get(url)
2025-08-06 22:02:40,525 - ERROR - File "c:\Users\user\anaconda3\envs\AutoPro\Lib\site-packages\requests\api.py", line 73, in get
2025-08-06 22:02:40,526 - ERROR - return request("get", url, params=params, **kwargs)
2025-08-06 22:02:40,526 - ERROR - ^
2025-08-06 22:02:40,526 - ERROR - ^
2025-08-06 22:02:40,526 - ERROR - ^
2025-08-06 22:02:40,526 - ERROR - ^
2025-08-06 22:02:40,528 - ERROR - ^
2025-08-06 22:02:40,528 - ERROR - ^
2025-08-06 22:02:40,528 - ERROR - ^
2025-08-06 22:02:40,528 - ERROR - ^
2025-08-06 22:02:40,528 - ERROR - ^
2025-08-06 22:02:40,528 - ERROR - ^
2025-08-06 22:02:40,528 - ERROR - ^
2025-08-06 22:02:40,528 - ERROR - ^
2025-08-06 22:02:40,528 - ERROR - ^
2025-08-06 22:02:40,528 - ERROR - ^
2025-08-06 22:02:40,528 - ERROR - ^
2025-08-06 22:02:40,529 - ERROR - ^
2025-08-06 22:02:40,529 - ERROR - ^
2025-08-06 22:02:40,529 - ERROR - ^
2025-08-06 22:02:40,529 - ERROR - ^
2025-08-06 22:02:40,529 - ERROR - ^
2025-08-06 22:02:40,529 - ERROR - ^
2025-08-06 22:02:40,529 - ERROR - ^
2025-08-06 22:02:40,529 - ERROR - ^
2025-08-06 22:02:40,529 - ERROR - ^
2025-08-06 22:02:40,529 - ERROR - ^
2025-08-06 22:02:40,530 - ERROR - ^
2025-08-06 22:02:40,530 - ERROR - ^
2025-08-06 22:02:40,530 - ERROR - ^
2025-08-06 22:02:40,530 - ERROR - ^
2025-08-06 22:02:40,530 - ERROR - ^
2025-08-06 22:02:40,530 - ERROR - ^
2025-08-06 22:02:40,530 - ERROR - ^
2025-08-06 22:02:40,530 - ERROR - ^
2025-08-06 22:02:40,530 - ERROR - ^
2025-08-06 22:02:40,530 - ERROR - ^
2025-08-06 22:02:40,531 - ERROR - ^
2025-08-06 22:02:40,531 - ERROR - ^
2025-08-06 22:02:40,531 - ERROR - ^
2025-08-06 22:02:40,531 - ERROR - ^
2025-08-06 22:02:40,531 - ERROR - ^
2025-08-06 22:02:40,531 - ERROR - ^
2025-08-06 22:02:40,531 - ERROR - ^
2025-08-06 22:02:40,531 - ERROR - ^
2025-08-06 22:02:40,531 - ERROR - ^
2025-08-06 22:02:40,532 - ERROR - File "c:\Users\user\anaconda3\envs\AutoPro\Lib\site-packages\requests\api.py", line 59, in request
2025-08-06 22:02:40,532 - ERROR - return session.request(method=method, url=url, **kwargs)
2025-08-06 22:02:40,532 - ERROR - ^
2025-08-06 22:02:40,532 - ERROR - ^
2025-08-06 22:02:40,532 - ERROR - ^
2025-08-06 22:02:40,532 - ERROR - ^
2025-08-06 22:02:40,533 - ERROR - ^
2025-08-06 22:02:40,533 - ERROR - ^
2025-08-06 22:02:40,533 - ERROR - ^
2025-08-06 22:02:40,533 - ERROR - ^
2025-08-06 22:02:40,533 - ERROR - ^
2025-08-06 22:02:40,533 - ERROR - ^
2025-08-06 22:02:40,533 - ERROR - ^
2025-08-06 22:02:40,533 - ERROR - ^
2025-08-06 22:02:40,533 - ERROR - ^
2025-08-06 22:02:40,533 - ERROR - ^
2025-08-06 22:02:40,534 - ERROR - ^
2025-08-06 22:02:40,534 - ERROR - ^
2025-08-06 22:02:40,534 - ERROR - ^
2025-08-06 22:02:40,534 - ERROR - ^
2025-08-06 22:02:40,534 - ERROR - ^
2025-08-06 22:02:40,534 - ERROR - ^
2025-08-06 22:02:40,535 - ERROR - ^
2025-08-06 22:02:40,535 - ERROR - ^
2025-08-06 22:02:40,535 - ERROR - ^
2025-08-06 22:02:40,535 - ERROR - ^
2025-08-06 22:02:40,535 - ERROR - ^
2025-08-06 22:02:40,535 - ERROR - ^
2025-08-06 22:02:40,536 - ERROR - ^
2025-08-06 22:02:40,536 - ERROR - ^
2025-08-06 22:02:40,536 - ERROR - ^
2025-08-06 22:02:40,536 - ERROR - ^
2025-08-06 22:02:40,536 - ERROR - ^
2025-08-06 22:02:40,536 - ERROR - ^
2025-08-06 22:02:40,536 - ERROR - ^
2025-08-06 22:02:40,536 - ERROR - ^
2025-08-06 22:02:40,537 - ERROR - ^
2025-08-06 22:02:40,537 - ERROR - ^
2025-08-06 22:02:40,537 - ERROR - ^
2025-08-06 22:02:40,537 - ERROR - ^
2025-08-06 22:02:40,537 - ERROR - ^
2025-08-06 22:02:40,537 - ERROR - ^
2025-08-06 22:02:40,537 - ERROR - ^
2025-08-06 22:02:40,537 - ERROR - ^
2025-08-06 22:02:40,537 - ERROR - ^
2025-08-06 22:02:40,538 - ERROR - ^
2025-08-06 22:02:40,538 - ERROR - ^
2025-08-06 22:02:40,538 - ERROR - ^
2025-08-06 22:02:40,538 - ERROR - ^
2025-08-06 22:02:40,538 - ERROR - ^
2025-08-06 22:02:40,538 - ERROR - ^
2025-08-06 22:02:40,538 - ERROR - File "c:\Users\user\anaconda3\envs\AutoPro\Lib\site-packages\requests\sessions.py", line 589, in request
2025-08-06 22:02:40,539 - ERROR - resp = self.send(prep, **send_kwargs)
2025-08-06 22:02:40,539 - ERROR - ^
2025-08-06 22:02:40,539 - ERROR - ^
2025-08-06 22:02:40,540 - ERROR - ^
2025-08-06 22:02:40,540 - ERROR - ^
2025-08-06 22:02:40,540 - ERROR - ^
2025-08-06 22:02:40,540 - ERROR - ^
2025-08-06 22:02:40,540 - ERROR - ^
2025-08-06 22:02:40,540 - ERROR - ^
2025-08-06 22:02:40,540 - ERROR - ^
2025-08-06 22:02:40,540 - ERROR - ^
2025-08-06 22:02:40,540 - ERROR - ^
2025-08-06 22:02:40,540 - ERROR - ^
2025-08-06 22:02:40,541 - ERROR - ^
2025-08-06 22:02:40,541 - ERROR - ^
2025-08-06 22:02:40,541 - ERROR - ^
2025-08-06 22:02:40,541 - ERROR - ^
2025-08-06 22:02:40,541 - ERROR - ^
2025-08-06 22:02:40,541 - ERROR - ^
2025-08-06 22:02:40,541 - ERROR - ^
2025-08-06 22:02:40,541 - ERROR - ^
2025-08-06 22:02:40,541 - ERROR - ^
2025-08-06 22:02:40,541 - ERROR - ^
2025-08-06 22:02:40,541 - ERROR - ^
2025-08-06 22:02:40,542 - ERROR - ^
2025-08-06 22:02:40,542 - ERROR - ^
2025-08-06 22:02:40,542 - ERROR - ^
2025-08-06 22:02:40,542 - ERROR - ^
2025-08-06 22:02:40,542 - ERROR - ^
2025-08-06 22:02:40,542 - ERROR - ^
2025-08-06 22:02:40,542 - ERROR - ^
2025-08-06 22:02:40,543 - ERROR - File "c:\Users\user\anaconda3\envs\AutoPro\Lib\site-packages\requests\sessions.py", line 703, in send
2025-08-06 22:02:40,544 - ERROR - r = adapter.send(request, **kwargs)
2025-08-06 22:02:40,544 - ERROR - ^
2025-08-06 22:02:40,544 - ERROR - ^
2025-08-06 22:02:40,544 - ERROR - ^
2025-08-06 22:02:40,544 - ERROR - ^
2025-08-06 22:02:40,544 - ERROR - ^
2025-08-06 22:02:40,545 - ERROR - ^
2025-08-06 22:02:40,545 - ERROR - ^
2025-08-06 22:02:40,545 - ERROR - ^
2025-08-06 22:02:40,545 - ERROR - ^
2025-08-06 22:02:40,545 - ERROR - ^
2025-08-06 22:02:40,545 - ERROR - ^
2025-08-06 22:02:40,545 - ERROR - ^
2025-08-06 22:02:40,545 - ERROR - ^
2025-08-06 22:02:40,545 - ERROR - ^
2025-08-06 22:02:40,546 - ERROR - ^
2025-08-06 22:02:40,546 - ERROR - ^
2025-08-06 22:02:40,546 - ERROR - ^
2025-08-06 22:02:40,546 - ERROR - ^
2025-08-06 22:02:40,546 - ERROR - ^
2025-08-06 22:02:40,546 - ERROR - ^
2025-08-06 22:02:40,546 - ERROR - ^
2025-08-06 22:02:40,546 - ERROR - ^
2025-08-06 22:02:40,546 - ERROR - ^
2025-08-06 22:02:40,546 - ERROR - ^
2025-08-06 22:02:40,546 - ERROR - ^
2025-08-06 22:02:40,546 - ERROR - ^
2025-08-06 22:02:40,546 - ERROR - ^
2025-08-06 22:02:40,546 - ERROR - ^
2025-08-06 22:02:40,548 - ERROR - ^
2025-08-06 22:02:40,548 - ERROR - ^
2025-08-06 22:02:40,548 - ERROR - ^
2025-08-06 22:02:40,548 - ERROR - File "c:\Users\user\anaconda3\envs\AutoPro\Lib\site-packages\requests\adapters.py", line 682, in send
2025-08-06 22:02:40,548 - ERROR - raise ConnectionError(err, request=request)
2025-08-06 22:02:40,549 - ERROR - requests.exceptions
2025-08-06 22:02:40,549 - ERROR - .
2025-08-06 22:02:40,549 - ERROR - ConnectionError
2025-08-06 22:02:40,549 - ERROR - :
2025-08-06 22:02:40,549 - ERROR - ('Connection aborted.', ConnectionAbortedError(10053, '현재 연결은 사용자의 호스트 시스템의 소프트웨어의 의해 중단되었습니다', None, 10053, None))
2025-08-06 22:02:45,288 - INFO - 모바일 USB 어뎁터가 비활성화 되었습니다.
2025-08-06 22:02:47,793 - INFO - 이더넷 어뎁터가 활성화 되었습니다.
2025-08-06 22:02:50,668 - INFO - ★ 이더넷(유선 & Wi-Fi) 전환 - Success ★
2025-08-06 22:02:50,668 - INFO - ==================================
2025-08-06 22:02:50,834 - INFO - [현재 크롬 버전] : 139.0.7258.67
2025-08-06 22:02:52,251 - INFO - Chrome 업데이트를 확인하는 중...
2025-08-06 22:02:54,265 - INFO - ==================================
2025-08-06 22:02:54,265 - INFO - Chrome 상태 : Chrome이 최신 버전임
2025-08-06 22:02:54,265 - INFO - -----------------------------
2025-08-06 22:02:54,265 - INFO - ✅ Chrome이 최신 버전입니다. 종료합니다.
2025-08-06 22:02:54,266 - INFO - ==================================
2025-08-06 22:02:59,461 - INFO - ==================================
