2025-08-11 16:24:16,496 - INFO - ==================================
2025-08-11 16:24:16,496 - INFO - #1 바이럴 글쓰기 작업을 시작합니다.
2025-08-11 16:24:16,496 - INFO - 시트이름: 바이럴대시보드
2025-08-11 16:24:16,496 - INFO - 구글 시트 로드 - 시도중....
2025-08-11 16:24:16,881 - INFO - 구글 시트 로드 - 완료
2025-08-11 16:24:17,287 - INFO - 바이럴대시보드 - Success 구글 시트에서 데이터를 성공적으로 가져왔습니다.
2025-08-11 16:24:17,289 - INFO - ==================================
2025-08-11 16:24:17,290 - INFO - ★★★ IP 변경 - START ★★★
2025-08-11 16:24:17,290 - INFO - [#1 mobile_ip 전환 - try ]
2025-08-11 16:24:17,438 - INFO - [# USB테더링 전환 #] - 1 번째 시도 실패 : exceptions must derive from BaseException
2025-08-11 16:24:19,094 - INFO - [# USB테더링 전환 #] - 2 번째 시도 실패 : exceptions must derive from BaseException
2025-08-11 16:24:20,737 - INFO - [# USB테더링 전환 #] - 최종 실패 : exceptions must derive from BaseException
2025-08-11 16:24:20,737 - ERROR - 1/10번째 [ cafe_viral_viewnum_comment.py 프로그램 ] - < Exception 발생 >
~~ 1번째 에러 도달 ~~
Traceback (most recent call last):
  File "C:\Users\user\Desktop\Bridzzi\util\selenium\helpers.py", line 1698, in mobile_ip
    if not is_usb_tethering_enabled():
           ^^^^^^^^^^^^^^^^^^^^^^^^^^
  File "C:\Users\user\Desktop\Bridzzi\util\selenium\helpers.py", line 1676, in is_usb_tethering_enabled
    raise False
TypeError: exceptions must derive from BaseException

During handling of the above exception, another exception occurred:

Traceback (most recent call last):
  File "C:\Users\user\Desktop\Bridzzi\src\naver\Cafe_Viral\cafe_viral_viewnum_comment.py", line 68, in <module>
    if status := naver_cafe_bot.cafe_post_comment_start(googlesheet):
                 ^^^^^^^^^^^^^^^^^^^^^^^^^^^^^^^^^^^^^^^^^^^^^^^^^^^
  File "C:\Users\user\Desktop\Bridzzi\util\platform\naver\n_cafe_bot.py", line 867, in cafe_post_comment_start
    is_completd_cafe_viral = self.cafe_viral_contents_process()
                             ^^^^^^^^^^^^^^^^^^^^^^^^^^^^^^^^^^
  File "C:\Users\user\Desktop\Bridzzi\util\platform\naver\n_cafe_bot.py", line 655, in cafe_viral_contents_process
    self._ID_inint_browser(data)
  File "C:\Users\user\Desktop\Bridzzi\util\platform\naver\n_cafe_bot.py", line 43, in _ID_inint_browser
    selenium_util.change_ip()
  File "C:\Users\user\Desktop\Bridzzi\util\selenium\helpers.py", line 1919, in change_ip
    mobile_ip()
  File "C:\Users\user\Desktop\Bridzzi\util\selenium\helpers.py", line 1720, in mobile_ip
    raise Exception(error_message)
Exception: [# USB테더링 전환 #] - 최종 실패 : exceptions must derive from BaseException


오류가 발생하였습니다. 확인 부탁드립니다
2025-08-11 16:24:20,737 - ERROR - Traceback (most recent call last):
2025-08-11 16:24:20,737 - ERROR - File "C:\Users\user\Desktop\Bridzzi\util\selenium\helpers.py", line 1698, in mobile_ip
    if not is_usb_tethering_enabled():
           ^^^^^^^^^^^^^^^^^^^^^^^^^^
2025-08-11 16:24:20,737 - ERROR - File "C:\Users\user\Desktop\Bridzzi\util\selenium\helpers.py", line 1676, in is_usb_tethering_enabled
    raise False
2025-08-11 16:24:20,737 - ERROR - TypeError: exceptions must derive from BaseException
2025-08-11 16:24:20,737 - ERROR - During handling of the above exception, another exception occurred:
2025-08-11 16:24:20,737 - ERROR - Traceback (most recent call last):
2025-08-11 16:24:20,737 - ERROR - File "C:\Users\user\Desktop\Bridzzi\src\naver\Cafe_Viral\cafe_viral_viewnum_comment.py", line 68, in <module>
    if status := naver_cafe_bot.cafe_post_comment_start(googlesheet):
                 ^^^^^^^^^^^^^^^^^^^^^^^^^^^^^^^^^^^^^^^^^^^^^^^^^^^
2025-08-11 16:24:20,737 - ERROR - File "C:\Users\user\Desktop\Bridzzi\util\platform\naver\n_cafe_bot.py", line 867, in cafe_post_comment_start
    is_completd_cafe_viral = self.cafe_viral_contents_process()
                             ^^^^^^^^^^^^^^^^^^^^^^^^^^^^^^^^^^
2025-08-11 16:24:20,737 - ERROR - File "C:\Users\user\Desktop\Bridzzi\util\platform\naver\n_cafe_bot.py", line 655, in cafe_viral_contents_process
    self._ID_inint_browser(data)
2025-08-11 16:24:20,737 - ERROR - File "C:\Users\user\Desktop\Bridzzi\util\platform\naver\n_cafe_bot.py", line 43, in _ID_inint_browser
    selenium_util.change_ip()
2025-08-11 16:24:20,737 - ERROR - File "C:\Users\user\Desktop\Bridzzi\util\selenium\helpers.py", line 1919, in change_ip
    mobile_ip()
2025-08-11 16:24:20,737 - ERROR - File "C:\Users\user\Desktop\Bridzzi\util\selenium\helpers.py", line 1720, in mobile_ip
    raise Exception(error_message)
2025-08-11 16:24:20,737 - ERROR - Exception: [# USB테더링 전환 #] - 최종 실패 : exceptions must derive from BaseException
2025-08-11 16:24:20,883 - INFO - ✅ chromedriver 종료 결과: ChromeDriver 종료
2025-08-11 16:24:20,883 - INFO - ✅ Chrome 종료 결과: Chrome 종료
2025-08-11 16:24:21,885 - INFO - ==================================
2025-08-11 16:24:21,885 - INFO - ★ 크롬 브라우저 - 자동 업데이트 ★
2025-08-11 16:24:22,006 - INFO - [현재 크롬 버전] : 139.0.7258.67
2025-08-11 16:24:23,287 - INFO - Chrome 업데이트를 확인하는 중...
2025-08-11 16:24:25,288 - INFO - ==================================
2025-08-11 16:24:25,288 - INFO - Chrome 상태 : Chrome이 최신 버전임
2025-08-11 16:24:25,288 - INFO - -----------------------------
2025-08-11 16:24:25,288 - INFO - ✅ Chrome이 최신 버전입니다. 종료합니다.
2025-08-11 16:24:25,288 - INFO - ==================================
2025-08-11 16:24:28,931 - INFO - ==================================
2025-08-11 16:24:28,931 - INFO - ==================================
2025-08-11 16:24:28,931 - INFO - #1 바이럴 글쓰기 작업을 시작합니다.
2025-08-11 16:24:28,931 - INFO - 시트이름: 바이럴대시보드
2025-08-11 16:24:28,931 - INFO - 구글 시트 로드 - 시도중....
2025-08-11 16:24:29,319 - INFO - 구글 시트 로드 - 완료
2025-08-11 16:24:29,680 - INFO - 바이럴대시보드 - Success 구글 시트에서 데이터를 성공적으로 가져왔습니다.
2025-08-11 16:24:29,680 - INFO - ==================================
2025-08-11 16:24:29,680 - INFO - ★★★ IP 변경 - START ★★★
2025-08-11 16:24:29,685 - INFO - [#1 mobile_ip 전환 - try ]
2025-08-11 16:24:29,799 - INFO - [# USB테더링 전환 #] - 1 번째 시도 실패 : exceptions must derive from BaseException
2025-08-11 16:24:31,428 - INFO - [# USB테더링 전환 #] - 2 번째 시도 실패 : exceptions must derive from BaseException
2025-08-11 16:24:33,093 - INFO - [# USB테더링 전환 #] - 최종 실패 : exceptions must derive from BaseException
2025-08-11 16:24:33,094 - ERROR - 2/10번째 [ cafe_viral_viewnum_comment.py 프로그램 ] - < Exception 발생 >
~~ 2번째 에러 도달 ~~
Traceback (most recent call last):
  File "C:\Users\user\Desktop\Bridzzi\util\selenium\helpers.py", line 1698, in mobile_ip
    if not is_usb_tethering_enabled():
           ^^^^^^^^^^^^^^^^^^^^^^^^^^
  File "C:\Users\user\Desktop\Bridzzi\util\selenium\helpers.py", line 1676, in is_usb_tethering_enabled
    raise False
TypeError: exceptions must derive from BaseException

During handling of the above exception, another exception occurred:

Traceback (most recent call last):
  File "C:\Users\user\Desktop\Bridzzi\src\naver\Cafe_Viral\cafe_viral_viewnum_comment.py", line 68, in <module>
    if status := naver_cafe_bot.cafe_post_comment_start(googlesheet):
                 ^^^^^^^^^^^^^^^^^^^^^^^^^^^^^^^^^^^^^^^^^^^^^^^^^^^
  File "C:\Users\user\Desktop\Bridzzi\util\platform\naver\n_cafe_bot.py", line 867, in cafe_post_comment_start
    is_completd_cafe_viral = self.cafe_viral_contents_process()
                             ^^^^^^^^^^^^^^^^^^^^^^^^^^^^^^^^^^
  File "C:\Users\user\Desktop\Bridzzi\util\platform\naver\n_cafe_bot.py", line 655, in cafe_viral_contents_process
    self._ID_inint_browser(data)
  File "C:\Users\user\Desktop\Bridzzi\util\platform\naver\n_cafe_bot.py", line 43, in _ID_inint_browser
    selenium_util.change_ip()
  File "C:\Users\user\Desktop\Bridzzi\util\selenium\helpers.py", line 1919, in change_ip
    mobile_ip()
  File "C:\Users\user\Desktop\Bridzzi\util\selenium\helpers.py", line 1720, in mobile_ip
    raise Exception(error_message)
Exception: [# USB테더링 전환 #] - 최종 실패 : exceptions must derive from BaseException


오류가 발생하였습니다. 확인 부탁드립니다
2025-08-11 16:24:33,094 - ERROR - Traceback (most recent call last):
2025-08-11 16:24:33,094 - ERROR - File "C:\Users\user\Desktop\Bridzzi\util\selenium\helpers.py", line 1698, in mobile_ip
    if not is_usb_tethering_enabled():
           ^^^^^^^^^^^^^^^^^^^^^^^^^^
2025-08-11 16:24:33,094 - ERROR - File "C:\Users\user\Desktop\Bridzzi\util\selenium\helpers.py", line 1676, in is_usb_tethering_enabled
    raise False
2025-08-11 16:24:33,095 - ERROR - TypeError: exceptions must derive from BaseException
2025-08-11 16:24:33,095 - ERROR - During handling of the above exception, another exception occurred:
2025-08-11 16:24:33,095 - ERROR - Traceback (most recent call last):
2025-08-11 16:24:33,095 - ERROR - File "C:\Users\user\Desktop\Bridzzi\src\naver\Cafe_Viral\cafe_viral_viewnum_comment.py", line 68, in <module>
    if status := naver_cafe_bot.cafe_post_comment_start(googlesheet):
                 ^^^^^^^^^^^^^^^^^^^^^^^^^^^^^^^^^^^^^^^^^^^^^^^^^^^
2025-08-11 16:24:33,095 - ERROR - File "C:\Users\user\Desktop\Bridzzi\util\platform\naver\n_cafe_bot.py", line 867, in cafe_post_comment_start
    is_completd_cafe_viral = self.cafe_viral_contents_process()
                             ^^^^^^^^^^^^^^^^^^^^^^^^^^^^^^^^^^
2025-08-11 16:24:33,095 - ERROR - File "C:\Users\user\Desktop\Bridzzi\util\platform\naver\n_cafe_bot.py", line 655, in cafe_viral_contents_process
    self._ID_inint_browser(data)
2025-08-11 16:24:33,095 - ERROR - File "C:\Users\user\Desktop\Bridzzi\util\platform\naver\n_cafe_bot.py", line 43, in _ID_inint_browser
    selenium_util.change_ip()
2025-08-11 16:24:33,095 - ERROR - File "C:\Users\user\Desktop\Bridzzi\util\selenium\helpers.py", line 1919, in change_ip
    mobile_ip()
2025-08-11 16:24:33,096 - ERROR - File "C:\Users\user\Desktop\Bridzzi\util\selenium\helpers.py", line 1720, in mobile_ip
    raise Exception(error_message)
2025-08-11 16:24:33,096 - ERROR - Exception: [# USB테더링 전환 #] - 최종 실패 : exceptions must derive from BaseException
2025-08-11 16:24:33,096 - INFO - 텔레그램 에러 메시지 : [ cafe_viral_viewnum_comment.py 프로그램 ] - < Exception 발생 >
~~ 2번째 에러 도달 ~~
Traceback (most recent call last):
  File "C:\Users\user\Desktop\Bridzzi\util\selenium\helpers.py", line 1698, in mobile_ip
    if not is_usb_tethering_enabled():
           ^^^^^^^^^^^^^^^^^^^^^^^^^^
  File "C:\Users\user\Desktop\Bridzzi\util\selenium\helpers.py", line 1676, in is_usb_tethering_enabled
    raise False
TypeError: exceptions must derive from BaseException

During handling of the above exception, another exception occurred:

Traceback (most recent call last):
  File "C:\Users\user\Desktop\Bridzzi\src\naver\Cafe_Viral\cafe_viral_viewnum_comment.py", line 68, in <module>
    if status := naver_cafe_bot.cafe_post_comment_start(googlesheet):
                 ^^^^^^^^^^^^^^^^^^^^^^^^^^^^^^^^^^^^^^^^^^^^^^^^^^^
  File "C:\Users\user\Desktop\Bridzzi\util\platform\naver\n_cafe_bot.py", line 867, in cafe_post_comment_start
    is_completd_cafe_viral = self.cafe_viral_contents_process()
                             ^^^^^^^^^^^^^^^^^^^^^^^^^^^^^^^^^^
  File "C:\Users\user\Desktop\Bridzzi\util\platform\naver\n_cafe_bot.py", line 655, in cafe_viral_contents_process
    self._ID_inint_browser(data)
  File "C:\Users\user\Desktop\Bridzzi\util\platform\naver\n_cafe_bot.py", line 43, in _ID_inint_browser
    selenium_util.change_ip()
  File "C:\Users\user\Desktop\Bridzzi\util\selenium\helpers.py", line 1919, in change_ip
    mobile_ip()
  File "C:\Users\user\Desktop\Bridzzi\util\selenium\helpers.py", line 1720, in mobile_ip
    raise Exception(error_message)
Exception: [# USB테더링 전환 #] - 최종 실패 : exceptions must derive from BaseException
