2025-07-30 17:19:17,769 - INFO - ==================================
2025-07-30 17:19:17,770 - INFO - #1 바이럴 글쓰기 작업을 시작합니다.
2025-07-30 17:19:20,579 - INFO - Fail 구글 시트에서 데이터가 비어 있거나 함수오류로 #N/A가 데이터에 있습니다
2025-07-30 17:19:20,580 - INFO - 더이상 작업할 계정이 없어서 포스팅은 생략합니다
2025-07-30 17:19:23,581 - INFO - ==================================
2025-07-30 17:19:23,582 - INFO - #2 댓글 달기를 시작합니다.
2025-07-30 17:19:24,850 - INFO - 댓글대시보드 - Success 구글 시트에서 데이터를 성공적으로 가져왔습니다.
2025-07-30 17:19:24,851 - INFO - ~~ 바이럴 댓글 작업을 시작합니다. ~~
2025-07-30 17:19:24,851 - INFO - 자연스러운 작업을 위해 - 4 ~ 6분 휴식 후 댓글 작업을 시작합니다.
2025-07-30 17:19:24,851 - INFO - ==================================
2025-07-30 17:19:24,852 - INFO - ★★★ IP 변경 - START ★★★
2025-07-30 17:19:24,852 - INFO - [#1 mobile_ip 전환 - try ]
2025-07-30 17:19:25,013 - INFO - [ 모바일IP 전환 - 시도 ]
2025-07-30 17:19:30,208 - INFO - [# USB테더링 전환 #] - 1 번째 시도 실패 : list index out of range
2025-07-30 17:19:31,857 - INFO - [ 모바일IP 전환 - 시도 ]
2025-07-30 17:19:37,916 - INFO - [# USB테더링 전환 #] - 2 번째 시도 실패 : list index out of range
2025-07-30 17:19:39,588 - INFO - [ 모바일IP 전환 - 시도 ]
2025-07-30 17:19:42,710 - INFO - [# USB테더링 전환 #] - 최종 실패 : list index out of range
2025-07-30 17:19:42,713 - ERROR - 1/10번째 [ cafe_viral_viewnum_comment.py 프로그램 ] - < Exception 발생 >
~~ 1번째 에러 도달 ~~
Traceback (most recent call last):
  File "C:\Users\user\Desktop\Bridzzi\util\selenium\helpers.py", line 1700, in mobile_ip
    enable_usb_tethering()
  File "C:\Users\user\Desktop\Bridzzi\util\selenium\helpers.py", line 1602, in enable_usb_tethering
    adb_device_state = adb_device_state_row[1].split('\t')[1]
                       ~~~~~~~~~~~~~~~~~~~~^^^
IndexError: list index out of range

During handling of the above exception, another exception occurred:

Traceback (most recent call last):
  File "C:\Users\user\Desktop\Bridzzi\src\naver\Cafe_Viral\cafe_viral_viewnum_comment.py", line 1143, in <module>
    if status := cafe_post_comment_start(googlesheet):
    ^^^^^^^^^^^^^^^^^^^^^^^^^^^^^^^^^^^^
  File "C:\Users\user\Desktop\Bridzzi\src\naver\Cafe_Viral\cafe_viral_viewnum_comment.py", line 1100, in cafe_post_comment_start
    is_completd_cafe_comment = start_cafe_comment(googlesheet)
                               ^^^^^^^^^^^^^^^^^^^^^^^^^^^^^^^
  File "C:\Users\user\Desktop\Bridzzi\src\naver\Cafe_Viral\cafe_viral_viewnum_comment.py", line 1059, in start_cafe_comment
    selenium_util.change_ip()
  File "C:\Users\user\Desktop\Bridzzi\util\selenium\helpers.py", line 1918, in change_ip
    mobile_ip()
  File "C:\Users\user\Desktop\Bridzzi\util\selenium\helpers.py", line 1719, in mobile_ip
    raise Exception(error_message)
Exception: [# USB테더링 전환 #] - 최종 실패 : list index out of range


오류가 발생하였습니다. 확인 부탁드립니다
2025-07-30 17:19:42,714 - ERROR - Traceback (most recent call last):
2025-07-30 17:19:42,714 - ERROR - File "C:\Users\user\Desktop\Bridzzi\util\selenium\helpers.py", line 1700, in mobile_ip
    enable_usb_tethering()
2025-07-30 17:19:42,714 - ERROR - File "C:\Users\user\Desktop\Bridzzi\util\selenium\helpers.py", line 1602, in enable_usb_tethering
    adb_device_state = adb_device_state_row[1].split('\t')[1]
                       ~~~~~~~~~~~~~~~~~~~~^^^
2025-07-30 17:19:42,714 - ERROR - IndexError: list index out of range
2025-07-30 17:19:42,714 - ERROR - During handling of the above exception, another exception occurred:
2025-07-30 17:19:42,715 - ERROR - Traceback (most recent call last):
2025-07-30 17:19:42,715 - ERROR - File "C:\Users\user\Desktop\Bridzzi\src\naver\Cafe_Viral\cafe_viral_viewnum_comment.py", line 1143, in <module>
    if status := cafe_post_comment_start(googlesheet):
    ^^^^^^^^^^^^^^^^^^^^^^^^^^^^^^^^^^^^
2025-07-30 17:19:42,715 - ERROR - File "C:\Users\user\Desktop\Bridzzi\src\naver\Cafe_Viral\cafe_viral_viewnum_comment.py", line 1100, in cafe_post_comment_start
    is_completd_cafe_comment = start_cafe_comment(googlesheet)
                               ^^^^^^^^^^^^^^^^^^^^^^^^^^^^^^^
2025-07-30 17:19:42,715 - ERROR - File "C:\Users\user\Desktop\Bridzzi\src\naver\Cafe_Viral\cafe_viral_viewnum_comment.py", line 1059, in start_cafe_comment
    selenium_util.change_ip()
2025-07-30 17:19:42,715 - ERROR - File "C:\Users\user\Desktop\Bridzzi\util\selenium\helpers.py", line 1918, in change_ip
    mobile_ip()
2025-07-30 17:19:42,715 - ERROR - File "C:\Users\user\Desktop\Bridzzi\util\selenium\helpers.py", line 1719, in mobile_ip
    raise Exception(error_message)
2025-07-30 17:19:42,715 - ERROR - Exception: [# USB테더링 전환 #] - 최종 실패 : list index out of range
2025-07-30 17:19:42,961 - INFO - ✅ chromedriver 종료 결과: ChromeDriver 종료
2025-07-30 17:19:42,962 - INFO - ✅ Chrome 종료 결과: Chrome 종료
2025-07-30 17:19:42,962 - INFO - ==================================
2025-07-30 17:19:42,962 - INFO - #1 바이럴 글쓰기 작업을 시작합니다.
