2025-11-05 10:27:24,521 - INFO - 시트이름: 광고키워드
2025-11-05 10:27:24,521 - INFO - 구글 시트 로드 - 시도중....
2025-11-05 10:27:24,884 - INFO - 구글 시트 로드 - 완료
2025-11-05 10:27:24,884 - INFO - ==================================
2025-11-05 10:27:24,884 - INFO - ★★★ IP 변경 - START ★★★
2025-11-05 10:27:24,884 - INFO - [#1 mobile_ip 전환 - try ]
2025-11-05 10:27:25,037 - INFO - [ 모바일IP 전환 - 시도 ]
2025-11-05 10:27:27,276 - INFO - [# USB테더링 전환 #] - 1 번째 시도 실패 : 휴대폰 USB 연결이 되지 않았습니다. 확인 부탁드립니다. (adb)
2025-11-05 10:27:28,930 - INFO - [ 모바일IP 전환 - 시도 ]
2025-11-05 10:27:28,954 - INFO - --- ADB 모바일 연결 [진행]
2025-11-05 10:27:29,074 - INFO - --- USB테더링 리미트 해제 [진행]
2025-11-05 10:27:30,267 - INFO - --- USB테더링 활성화 - 성공
2025-11-05 10:27:30,267 - INFO - -----------------------------
2025-11-05 10:27:31,169 - INFO - --- 모바일 USB 어뎁터 - 활성화(시도 & 명령어 작동)
2025-11-05 10:27:31,524 - INFO - --- USB 어댑터 찾기 및 활성화 시도 [완료]
2025-11-05 10:27:31,524 - INFO - --- 이더넷(WI-FI, 랜선) 어뎁터 - 비활성화(시도 & 명령어 작동)
2025-11-05 10:27:34,730 - INFO - --- USB 어댑터 외의 모든 어댑터 비활성화 시도 [완료]
2025-11-05 10:27:37,302 - INFO - --- USB 어뎁터가 활성화 [확인]
2025-11-05 10:27:39,662 - INFO - --- 이더넷 어뎁터가 비활성화 [확인]
2025-11-05 10:27:39,662 - INFO - -----------------------------
2025-11-05 10:27:39,774 - INFO - --- WiFi off - 성공
2025-11-05 10:27:39,897 - INFO - --- '모바일 데이터' on - 성공
2025-11-05 10:27:40,509 - INFO - ★ 모바일IP 전환 - Success ★
2025-11-05 10:27:40,509 - INFO - [# USB테더링 전환 #] - 성공
2025-11-05 10:27:40,509 - INFO - [#1 mobile_ip 전환 - success ]
2025-11-05 10:27:40,509 - INFO - -----------------------------
2025-11-05 10:27:40,509 - INFO - [#2 before_ip 추출] - try
2025-11-05 10:27:40,509 - INFO - -- 'https://ipinfo.io/ip'에서 public IP를 추출합니다....
2025-11-05 10:27:40,901 - INFO - -- 'https://ipinfo.io/ip' : 118.235.24.73
2025-11-05 10:27:40,901 - INFO - [#2 before_ip 추출] - success : 118.235.24.73
2025-11-05 10:27:40,903 - INFO - -----------------------------
2025-11-05 10:27:41,254 - INFO - --- 모바일 데이터 off - 성공
2025-11-05 10:27:41,639 - INFO - --- 비행기 모드 on - 성공
2025-11-05 10:27:41,987 - INFO - --- 비행기 모드 off - 성공
2025-11-05 10:27:42,357 - INFO - --- 모바일 데이터 on - 성공
2025-11-05 10:27:42,358 - INFO - [#3 after_ip 추출] - try
2025-11-05 10:27:42,358 - INFO - -- 'https://ipinfo.io/ip'에서 public IP를 추출합니다....
2025-11-05 10:27:43,374 - INFO - - 추출 실패 1/3 재시도
2025-11-05 10:27:44,338 - INFO - -- 'https://ipinfo.io/ip' : 211.246.68.54
2025-11-05 10:27:44,338 - INFO - [#3 after_ip 추출] - success : 211.246.68.54
2025-11-05 10:27:44,338 - INFO - Success -IP 변경(성공): before 118.235.24.73 => after 211.246.68.54
2025-11-05 10:27:44,338 - INFO - ★★★ IP 변경 - Success ★★★
2025-11-05 10:27:44,338 - INFO - ==================================
2025-11-05 10:27:47,593 - INFO - CPC 광고클릭 작업 시작합니다.
2025-11-05 10:27:47,593 - INFO - -----------------------------
2025-11-05 10:27:47,593 - INFO - G마켓 키워드 - ['김치냉장고스텐드', '뚜껑형김치냉장고222L']
2025-11-05 10:27:47,593 - INFO - -----------------------------
2025-11-05 10:27:48,050 - INFO - C:\program_cookies 폴더 크기: 2.17 GB
2025-11-05 10:27:48,150 - INFO - random 폴더 초기화 - 'C:\program_cookies\PC_random'에서 폴더 삭제(완료)
2025-11-05 10:27:48,150 - INFO - 쿠키 기록을 남기도록 C:\program_cookies\PC_random 폴더를 지정합니다.
2025-11-05 10:27:48,150 - INFO - PC랜덤화면 크기를 불러옵니다.
2025-11-05 10:27:48,150 - INFO - fixed UA가 없어서 랜덤으로 PC UA 생성합니다.
2025-11-05 10:27:48,150 - INFO - 랜덤으로 생성된 UA는 Mozilla/5.0 (Windows NT 10.0; Win64; x64) AppleWebKit/537.36 (KHTML, like Gecko) Chrome/130.0.6808.75 Safari/537.36입니다.
2025-11-05 10:27:48,150 - INFO - 쿠기를 불러옵니다 쿠키가 없으면 cookies 폴더 안에 새로 생성합니다.
2025-11-05 10:27:48,150 - INFO - 시크릿 모드로 실행합니다.
2025-11-05 10:27:48,150 - INFO - 크롬 드라이브 옵션 부여 완료!
2025-11-05 10:27:52,447 - INFO - ==================================
2025-11-05 10:27:52,447 - INFO - devicemetrics를 override 합니다..
2025-11-05 10:27:52,452 - INFO - geo 정보를 랜덤으로 변경합니다..
2025-11-05 10:27:52,453 - INFO - FIXED gps 정보가 없어서 랜덤으로 생성합니다
2025-11-05 10:27:52,453 - INFO - RANDOM gps 정보는 {'latitude': 37.54760704253212, 'longitude': 126.96950790466887, 'accuracy': 100} 입니다.
2025-11-05 10:27:52,459 - INFO - 모든 변경이 완료되었습니다...
2025-11-05 10:27:52,459 - INFO - ~~~~~~~~~~
2025-11-05 10:27:52,485 - INFO - === gmarket 시작 ===
2025-11-05 10:28:12,181 - INFO - 상품명: 삼성 비스포크 김치냉장고 RQ33DG71J2EW 3도어 김치플러스 스탠드 328L 화이트 - 셀러명: 판매자/삼성공식현성/판매자평가정보/파워딜러 :: 클릭 - 시작
2025-11-05 10:28:15,602 - INFO - 제품사진 클릭
2025-11-05 10:28:15,610 - INFO - 상품명: 삼성 비스포크 김치냉장고 RQ33DG71J2EW 3도어 김치플러스 스탠드 328L 화이트 - 셀러명: 판매자/삼성공식현성/판매자평가정보/파워딜러 :: 클릭 - 완료
2025-11-05 10:28:16,531 - INFO - 스크롤 - 시작
2025-11-05 10:28:19,875 - INFO - 스크롤 - 완료
2025-11-05 10:28:19,877 - INFO - 1
2025-11-05 10:28:19,879 - INFO - 2
2025-11-05 10:28:20,259 - INFO - 3
2025-11-05 10:28:20,260 - INFO - 4
2025-11-05 10:28:21,765 - INFO - 6 - g
2025-11-05 10:28:23,926 - INFO - 7 - g
2025-11-05 10:28:33,643 - INFO - 상품명: 으뜸효율 삼성 김치냉장고 RP22C3111Z3 뚜껑형 221L 1등급 2도어 김치플러스 - 셀러명: 판매자/삼성공식현성/판매자평가정보/파워딜러 :: 클릭 - 시작
2025-11-05 10:28:37,578 - INFO - 제품사진 클릭
2025-11-05 10:28:37,584 - INFO - 상품명: 으뜸효율 삼성 김치냉장고 RP22C3111Z3 뚜껑형 221L 1등급 2도어 김치플러스 - 셀러명: 판매자/삼성공식현성/판매자평가정보/파워딜러 :: 클릭 - 완료
2025-11-05 10:28:38,193 - INFO - 스크롤 - 시작
2025-11-05 10:28:41,370 - INFO - 스크롤 - 완료
2025-11-05 10:28:41,372 - INFO - 1
2025-11-05 10:28:41,375 - INFO - 2
2025-11-05 10:28:41,965 - INFO - 3
2025-11-05 10:28:41,965 - INFO - 4
2025-11-05 10:28:43,392 - INFO - 6 - g
2025-11-05 10:28:45,103 - INFO - 7 - g
2025-11-05 10:28:45,103 - INFO - === gmarket 종료 ===
2025-11-05 10:28:45,298 - INFO - ✅ chromedriver 종료 결과: ChromeDriver 종료
2025-11-05 10:28:45,299 - INFO - ✅ Chrome 종료 결과: Chrome 종료
2025-11-05 10:28:45,299 - INFO - -----------------------------
2025-11-05 10:28:45,300 - INFO - 옥션 키워드 - ['삼성큐커', '비데설치비포함']
2025-11-05 10:28:45,300 - INFO - -----------------------------
2025-11-05 10:28:45,752 - INFO - C:\program_cookies 폴더 크기: 2.16 GB
2025-11-05 10:28:45,804 - INFO - random 폴더 초기화 - 'C:\program_cookies\PC_random'에서 폴더 삭제(완료)
2025-11-05 10:28:45,804 - INFO - 쿠키 기록을 남기도록 C:\program_cookies\PC_random 폴더를 지정합니다.
2025-11-05 10:28:45,804 - INFO - PC랜덤화면 크기를 불러옵니다.
2025-11-05 10:28:45,804 - INFO - fixed UA가 없어서 랜덤으로 PC UA 생성합니다.
2025-11-05 10:28:45,804 - INFO - 랜덤으로 생성된 UA는 Mozilla/5.0 (Windows NT 10.0; Win64; x64) AppleWebKit/537.36 (KHTML, like Gecko) Chrome/136.0.0.0 Safari/537.36 Trailer/93.3.3570.29입니다.
2025-11-05 10:28:45,804 - INFO - 쿠기를 불러옵니다 쿠키가 없으면 cookies 폴더 안에 새로 생성합니다.
2025-11-05 10:28:45,804 - INFO - 시크릿 모드로 실행합니다.
2025-11-05 10:28:45,804 - INFO - 크롬 드라이브 옵션 부여 완료!
2025-11-05 10:28:49,986 - INFO - ==================================
2025-11-05 10:28:49,986 - INFO - devicemetrics를 override 합니다..
2025-11-05 10:28:49,996 - INFO - geo 정보를 랜덤으로 변경합니다..
2025-11-05 10:28:49,997 - INFO - FIXED gps 정보가 없어서 랜덤으로 생성합니다
2025-11-05 10:28:49,997 - INFO - RANDOM gps 정보는 {'latitude': 37.5610274638839, 'longitude': 127.08697402732498, 'accuracy': 100} 입니다.
2025-11-05 10:28:50,002 - INFO - 모든 변경이 완료되었습니다...
2025-11-05 10:28:50,002 - INFO - ~~~~~~~~~~
2025-11-05 10:28:50,030 - INFO - === action 시작 ===
2025-11-05 10:28:59,065 - INFO - 상품명: 비스포크 큐커 컨벡션오븐 32L 에어프라이어 복합오븐 MC32B7388CF 글램베이지 - 셀러명: 판매자/삼성현성/판매자평가정보/최우수판매자 :: 클릭 - 시작
2025-11-05 10:29:02,419 - INFO - 제품사진 클릭
2025-11-05 10:29:02,424 - INFO - 상품명: 비스포크 큐커 컨벡션오븐 32L 에어프라이어 복합오븐 MC32B7388CF 글램베이지 - 셀러명: 판매자/삼성현성/판매자평가정보/최우수판매자 :: 클릭 - 완료
2025-11-05 10:29:03,430 - INFO - 스크롤 - 시작
2025-11-05 10:29:05,699 - INFO - 스크롤 - 완료
2025-11-05 10:29:05,701 - INFO - 1
2025-11-05 10:29:05,703 - INFO - 2
2025-11-05 10:29:06,043 - INFO - 3
2025-11-05 10:29:06,043 - INFO - 4
2025-11-05 10:29:07,201 - INFO - 6 - a
2025-11-05 10:29:09,049 - INFO - 7 - a
2025-11-05 10:29:17,392 - INFO - 상품명: 삼성전자 프리미엄 디지털 방수비데 SBD-TNC745W 풀스테인리스노즐 어린이기능 자동노즐세척 비데설치 무료 - 셀러명: 판매자/삼성현성/판매자평가정보/최우수판매자 :: 클릭 - 시작
2025-11-05 10:29:20,557 - INFO - 제품사진 클릭
2025-11-05 10:29:20,561 - INFO - 상품명: 삼성전자 프리미엄 디지털 방수비데 SBD-TNC745W 풀스테인리스노즐 어린이기능 자동노즐세척 비데설치 무료 - 셀러명: 판매자/삼성현성/판매자평가정보/최우수판매자 :: 클릭 - 완료
2025-11-05 10:29:21,255 - INFO - 스크롤 - 시작
2025-11-05 10:29:22,709 - INFO - 스크롤 - 완료
2025-11-05 10:29:22,710 - INFO - 1
2025-11-05 10:29:22,713 - INFO - 2
2025-11-05 10:29:23,052 - INFO - 3
2025-11-05 10:29:23,052 - INFO - 4
2025-11-05 10:29:24,228 - INFO - 6 - a
2025-11-05 10:29:25,756 - INFO - 7 - a
2025-11-05 10:29:25,756 - INFO - === action 종료 ===
2025-11-05 10:29:25,930 - INFO - ✅ chromedriver 종료 결과: ChromeDriver 종료
2025-11-05 10:29:25,930 - INFO - ✅ Chrome 종료 결과: Chrome 종료
2025-11-05 10:29:26,933 - INFO - ==================================
2025-11-05 10:29:26,933 - INFO - ★ 크롬 브라우저 - 자동 업데이트 ★
2025-11-05 10:29:27,081 - INFO - ==================================
2025-11-05 10:29:27,081 - INFO - ★ 이더넷(유선 & Wi-Fi) 전환 - 시도 ★
2025-11-05 10:29:27,223 - INFO - -----------------------------
2025-11-05 10:29:27,223 - INFO - 모바일 USB 어뎁터 - 비활성화(시도 & 명령어 작동)
2025-11-05 10:29:27,612 - INFO - -----------------------------
2025-11-05 10:29:27,612 - INFO - 이더넷(WI-FI, 랜선) 어뎁터 - 활성화(시도 & 명령어 작동)
2025-11-05 10:29:32,509 - INFO - 모바일 USB 어뎁터가 비활성화 되었습니다.
2025-11-05 10:29:35,015 - INFO - 이더넷 어뎁터가 활성화 되었습니다.
2025-11-05 10:29:37,432 - INFO - ★ 이더넷(유선 & Wi-Fi) 전환 - Success ★
2025-11-05 10:29:37,432 - INFO - ==================================
2025-11-05 10:29:37,594 - INFO - [현재 크롬 버전] : 142.0.7444.60
2025-11-05 10:29:38,903 - INFO - Chrome 업데이트를 확인하는 중...
2025-11-05 10:29:40,904 - INFO - ==================================
2025-11-05 10:29:40,904 - INFO - Chrome 상태 : Chrome이 최신 버전임
2025-11-05 10:29:40,904 - INFO - -----------------------------
2025-11-05 10:29:40,904 - INFO - ✅ Chrome이 최신 버전입니다. 종료합니다.
2025-11-05 10:29:40,904 - INFO - ==================================
2025-11-05 10:29:41,123 - INFO - ✅ chromedriver 종료 결과: ChromeDriver 종료
2025-11-05 10:29:41,123 - INFO - ✅ Chrome 종료 결과: Chrome 종료
2025-11-05 10:29:42,633 - INFO - ==================================
2025-11-05 10:29:42,633 - INFO - ==================================
2025-11-05 10:29:42,633 - INFO - ★★★ IP 변경 - START ★★★
2025-11-05 10:29:42,633 - INFO - [#1 mobile_ip 전환 - try ]
2025-11-05 10:29:42,802 - INFO - [ 모바일IP 전환 - 시도 ]
2025-11-05 10:29:42,834 - INFO - --- ADB 모바일 연결 [진행]
2025-11-05 10:29:42,960 - INFO - --- USB테더링 리미트 해제 [진행]
2025-11-05 10:29:44,154 - INFO - --- USB테더링 활성화 - 성공
2025-11-05 10:29:44,154 - INFO - -----------------------------
2025-11-05 10:29:45,071 - INFO - --- 모바일 USB 어뎁터 - 활성화(시도 & 명령어 작동)
2025-11-05 10:29:45,419 - INFO - --- USB 어댑터 찾기 및 활성화 시도 [완료]
2025-11-05 10:29:45,419 - INFO - --- 이더넷(WI-FI, 랜선) 어뎁터 - 비활성화(시도 & 명령어 작동)
2025-11-05 10:29:48,621 - INFO - --- USB 어댑터 외의 모든 어댑터 비활성화 시도 [완료]
2025-11-05 10:29:51,199 - INFO - --- USB 어뎁터가 활성화 [확인]
2025-11-05 10:29:53,572 - INFO - --- 이더넷 어뎁터가 비활성화 [확인]
2025-11-05 10:29:53,572 - INFO - -----------------------------
2025-11-05 10:29:53,700 - INFO - --- WiFi off - 성공
2025-11-05 10:29:53,820 - INFO - --- '모바일 데이터' on - 성공
2025-11-05 10:29:54,405 - INFO - ★ 모바일IP 전환 - Success ★
2025-11-05 10:29:54,405 - INFO - [# USB테더링 전환 #] - 성공
2025-11-05 10:29:54,405 - INFO - [#1 mobile_ip 전환 - success ]
2025-11-05 10:29:54,405 - INFO - -----------------------------
2025-11-05 10:29:54,405 - INFO - [#2 before_ip 추출] - try
2025-11-05 10:29:54,405 - INFO - -- 'https://ipinfo.io/ip'에서 public IP를 추출합니다....
2025-11-05 10:29:55,056 - INFO - -- 'https://ipinfo.io/ip' : 211.246.68.54
2025-11-05 10:29:55,056 - INFO - [#2 before_ip 추출] - success : 211.246.68.54
2025-11-05 10:29:55,056 - INFO - -----------------------------
2025-11-05 10:29:55,407 - INFO - --- 모바일 데이터 off - 성공
2025-11-05 10:29:55,772 - INFO - --- 비행기 모드 on - 성공
2025-11-05 10:29:56,125 - INFO - --- 비행기 모드 off - 성공
2025-11-05 10:29:56,514 - INFO - --- 모바일 데이터 on - 성공
2025-11-05 10:29:56,514 - INFO - [#3 after_ip 추출] - try
2025-11-05 10:29:56,514 - INFO - -- 'https://ipinfo.io/ip'에서 public IP를 추출합니다....
2025-11-05 10:29:57,515 - INFO - - 추출 실패 1/3 재시도
2025-11-05 10:29:58,473 - INFO - -- 'https://ipinfo.io/ip' : 39.7.230.171
2025-11-05 10:29:58,479 - INFO - [#3 after_ip 추출] - success : 39.7.230.171
2025-11-05 10:29:58,479 - INFO - Success -IP 변경(성공): before 211.246.68.54 => after 39.7.230.171
2025-11-05 10:29:58,479 - INFO - ★★★ IP 변경 - Success ★★★
2025-11-05 10:29:58,479 - INFO - ==================================
2025-11-05 10:30:02,000 - INFO - CPC 광고클릭 작업 시작합니다.
2025-11-05 10:30:02,000 - INFO - -----------------------------
2025-11-05 10:30:02,000 - INFO - G마켓 키워드 - ['무선스틱진공청소기', '삼성전자오븐렌지32']
2025-11-05 10:30:02,000 - INFO - -----------------------------
2025-11-05 10:30:02,399 - INFO - C:\program_cookies 폴더 크기: 2.16 GB
2025-11-05 10:30:02,457 - INFO - random 폴더 초기화 - 'C:\program_cookies\PC_random'에서 폴더 삭제(완료)
2025-11-05 10:30:02,465 - INFO - 쿠키 기록을 남기도록 C:\program_cookies\PC_random 폴더를 지정합니다.
2025-11-05 10:30:02,465 - INFO - PC랜덤화면 크기를 불러옵니다.
2025-11-05 10:30:02,465 - INFO - fixed UA가 없어서 랜덤으로 PC UA 생성합니다.
2025-11-05 10:30:02,465 - INFO - 랜덤으로 생성된 UA는 Mozilla/5.0 (Windows NT 6.2; WOW64; x64) AppleWebKit/537.36 (KHTML, like Gecko) Chrome/133.0.6779.70 Safari/537.36입니다.
2025-11-05 10:30:02,465 - INFO - 쿠기를 불러옵니다 쿠키가 없으면 cookies 폴더 안에 새로 생성합니다.
2025-11-05 10:30:02,465 - INFO - 시크릿 모드로 실행합니다.
2025-11-05 10:30:02,465 - INFO - 크롬 드라이브 옵션 부여 완료!
2025-11-05 10:30:06,459 - INFO - ==================================
2025-11-05 10:30:06,459 - INFO - devicemetrics를 override 합니다..
2025-11-05 10:30:06,470 - INFO - geo 정보를 랜덤으로 변경합니다..
2025-11-05 10:30:06,470 - INFO - FIXED gps 정보가 없어서 랜덤으로 생성합니다
2025-11-05 10:30:06,470 - INFO - RANDOM gps 정보는 {'latitude': 37.58498003352739, 'longitude': 127.06515675692043, 'accuracy': 100} 입니다.
2025-11-05 10:30:06,480 - INFO - 모든 변경이 완료되었습니다...
2025-11-05 10:30:06,480 - INFO - ~~~~~~~~~~
2025-11-05 10:30:06,514 - INFO - === gmarket 시작 ===
2025-11-05 10:30:28,807 - INFO - 6 - g
2025-11-05 10:30:30,691 - INFO - 7 - g
2025-11-05 10:30:39,364 - INFO - 상품명: 비스포크 큐커 컨벡션오븐 32L 에어프라이어 복합오븐 MC32B7388LF 스팀쿠커 색상선택 - 셀러명: 판매자/삼성공식현성/판매자평가정보/파워딜러 :: 클릭 - 시작
2025-11-05 10:30:42,638 - INFO - 제품명 클릭
2025-11-05 10:30:42,648 - INFO - 상품명: 비스포크 큐커 컨벡션오븐 32L 에어프라이어 복합오븐 MC32B7388LF 스팀쿠커 색상선택 - 셀러명: 판매자/삼성공식현성/판매자평가정보/파워딜러 :: 클릭 - 완료
2025-11-05 10:30:43,363 - INFO - 스크롤 - 시작
2025-11-05 10:30:46,611 - INFO - 스크롤 - 완료
2025-11-05 10:30:46,614 - INFO - 1
2025-11-05 10:30:46,616 - INFO - 2
2025-11-05 10:30:46,971 - INFO - 3
2025-11-05 10:30:46,974 - INFO - 4
2025-11-05 10:30:48,352 - INFO - 6 - g
2025-11-05 10:30:50,217 - INFO - 7 - g
2025-11-05 10:30:50,217 - INFO - === gmarket 종료 ===
2025-11-05 10:30:50,383 - INFO - ✅ chromedriver 종료 결과: ChromeDriver 종료
2025-11-05 10:30:50,383 - INFO - ✅ Chrome 종료 결과: Chrome 종료
2025-11-05 10:30:50,383 - INFO - -----------------------------
2025-11-05 10:30:50,383 - INFO - 옥션 키워드 - ['삼성방수비데', '디지털비데']
2025-11-05 10:30:50,383 - INFO - -----------------------------
2025-11-05 10:30:50,772 - INFO - C:\program_cookies 폴더 크기: 2.16 GB
2025-11-05 10:30:50,837 - INFO - random 폴더 초기화 - 'C:\program_cookies\PC_random'에서 폴더 삭제(완료)
2025-11-05 10:30:50,837 - INFO - 쿠키 기록을 남기도록 C:\program_cookies\PC_random 폴더를 지정합니다.
2025-11-05 10:30:50,837 - INFO - PC랜덤화면 크기를 불러옵니다.
2025-11-05 10:30:50,837 - INFO - fixed UA가 없어서 랜덤으로 PC UA 생성합니다.
2025-11-05 10:30:50,837 - INFO - 랜덤으로 생성된 UA는 Mozilla/5.0 (Windows NT 10.0; Win64; x64) AppleWebKit/537.36 (KHTML, like Gecko) Chrome/136.0.7103.48 Safari/537.36입니다.
2025-11-05 10:30:50,837 - INFO - 쿠기를 불러옵니다 쿠키가 없으면 cookies 폴더 안에 새로 생성합니다.
2025-11-05 10:30:50,838 - INFO - 시크릿 모드로 실행합니다.
2025-11-05 10:30:50,838 - INFO - 크롬 드라이브 옵션 부여 완료!
2025-11-05 10:30:54,609 - INFO - ==================================
2025-11-05 10:30:54,609 - INFO - devicemetrics를 override 합니다..
2025-11-05 10:30:54,621 - INFO - geo 정보를 랜덤으로 변경합니다..
2025-11-05 10:30:54,621 - INFO - FIXED gps 정보가 없어서 랜덤으로 생성합니다
2025-11-05 10:30:54,621 - INFO - RANDOM gps 정보는 {'latitude': 37.55397892799792, 'longitude': 126.92144034931917, 'accuracy': 100} 입니다.
2025-11-05 10:30:54,629 - INFO - 모든 변경이 완료되었습니다...
2025-11-05 10:30:54,629 - INFO - ~~~~~~~~~~
2025-11-05 10:30:54,654 - INFO - === action 시작 ===
2025-11-05 10:31:02,827 - INFO - 상품명: 삼성전자 디지털 방수비데 SBD-TAB755W 풀스테인리스노즐 프리미엄 비데설치 무료 - 셀러명: 판매자/삼성현성/판매자평가정보/최우수판매자 :: 클릭 - 시작
2025-11-05 10:31:06,435 - INFO - 제품사진 클릭
2025-11-05 10:31:06,443 - INFO - 상품명: 삼성전자 디지털 방수비데 SBD-TAB755W 풀스테인리스노즐 프리미엄 비데설치 무료 - 셀러명: 판매자/삼성현성/판매자평가정보/최우수판매자 :: 클릭 - 완료
2025-11-05 10:31:07,032 - INFO - 스크롤 - 시작
2025-11-05 10:31:08,567 - INFO - 스크롤 - 완료
2025-11-05 10:31:08,568 - INFO - 1
2025-11-05 10:31:08,570 - INFO - 2
2025-11-05 10:31:09,061 - INFO - 3
2025-11-05 10:31:09,061 - INFO - 4
2025-11-05 10:31:10,336 - INFO - 6 - a
2025-11-05 10:31:12,239 - INFO - 7 - a
2025-11-05 10:31:20,637 - INFO - 상품명: 삼성전자 디지털 방수비데 SBD-TAB755W 풀스테인리스노즐 프리미엄 비데설치 무료 - 셀러명: 판매자/삼성현성/판매자평가정보/최우수판매자 :: 클릭 - 시작
2025-11-05 10:31:23,765 - INFO - 제품명 클릭
2025-11-05 10:31:23,770 - INFO - 상품명: 삼성전자 디지털 방수비데 SBD-TAB755W 풀스테인리스노즐 프리미엄 비데설치 무료 - 셀러명: 판매자/삼성현성/판매자평가정보/최우수판매자 :: 클릭 - 완료
2025-11-05 10:31:24,675 - INFO - 스크롤 - 시작
2025-11-05 10:31:25,765 - INFO - 스크롤 - 완료
2025-11-05 10:31:25,767 - INFO - 1
2025-11-05 10:31:25,771 - INFO - 2
2025-11-05 10:31:26,233 - INFO - 3
2025-11-05 10:31:26,238 - INFO - 4
2025-11-05 10:31:27,443 - INFO - 6 - a
2025-11-05 10:31:29,126 - INFO - 7 - a
2025-11-05 10:31:29,126 - INFO - === action 종료 ===
2025-11-05 10:31:29,304 - INFO - ✅ chromedriver 종료 결과: ChromeDriver 종료
2025-11-05 10:31:29,304 - INFO - ✅ Chrome 종료 결과: Chrome 종료
2025-11-05 10:31:30,305 - INFO - ==================================
2025-11-05 10:31:30,305 - INFO - ★ 크롬 브라우저 - 자동 업데이트 ★
2025-11-05 10:31:30,461 - INFO - ==================================
2025-11-05 10:31:30,461 - INFO - ★ 이더넷(유선 & Wi-Fi) 전환 - 시도 ★
2025-11-05 10:31:30,626 - INFO - -----------------------------
2025-11-05 10:31:30,626 - INFO - 모바일 USB 어뎁터 - 비활성화(시도 & 명령어 작동)
2025-11-05 10:31:30,997 - INFO - -----------------------------
2025-11-05 10:31:30,997 - INFO - 이더넷(WI-FI, 랜선) 어뎁터 - 활성화(시도 & 명령어 작동)
2025-11-05 10:31:35,886 - INFO - 모바일 USB 어뎁터가 비활성화 되었습니다.
2025-11-05 10:31:38,515 - INFO - 이더넷 어뎁터가 활성화 되었습니다.
2025-11-05 10:32:13,042 - INFO - ★ 이더넷(유선 & Wi-Fi) 전환 - Success ★
2025-11-05 10:32:13,042 - INFO - ==================================
2025-11-05 10:32:13,190 - INFO - [현재 크롬 버전] : 142.0.7444.60
2025-11-05 10:32:14,443 - INFO - Chrome 업데이트를 확인하는 중...
2025-11-05 10:32:16,444 - INFO - ==================================
2025-11-05 10:32:16,444 - INFO - Chrome 상태 : Chrome이 최신 버전임
2025-11-05 10:32:16,444 - INFO - -----------------------------
2025-11-05 10:32:16,444 - INFO - ✅ Chrome이 최신 버전입니다. 종료합니다.
2025-11-05 10:32:16,444 - INFO - ==================================
2025-11-05 10:32:16,613 - INFO - ✅ chromedriver 종료 결과: ChromeDriver 종료
2025-11-05 10:32:16,613 - INFO - ✅ Chrome 종료 결과: Chrome 종료
2025-11-05 10:32:18,115 - INFO - ==================================
2025-11-05 10:32:18,115 - INFO - ==================================
2025-11-05 10:32:18,115 - INFO - ★★★ IP 변경 - START ★★★
2025-11-05 10:32:18,115 - INFO - [#1 mobile_ip 전환 - try ]
2025-11-05 10:32:18,254 - INFO - [ 모바일IP 전환 - 시도 ]
2025-11-05 10:32:18,293 - INFO - --- ADB 모바일 연결 [진행]
2025-11-05 10:32:18,409 - INFO - --- USB테더링 리미트 해제 [진행]
2025-11-05 10:32:19,648 - INFO - --- USB테더링 활성화 - 성공
2025-11-05 10:32:19,648 - INFO - -----------------------------
2025-11-05 10:32:20,547 - INFO - --- 모바일 USB 어뎁터 - 활성화(시도 & 명령어 작동)
2025-11-05 10:32:20,897 - INFO - --- USB 어댑터 찾기 및 활성화 시도 [완료]
2025-11-05 10:32:20,899 - INFO - --- 이더넷(WI-FI, 랜선) 어뎁터 - 비활성화(시도 & 명령어 작동)
2025-11-05 10:32:24,086 - INFO - --- USB 어댑터 외의 모든 어댑터 비활성화 시도 [완료]
2025-11-05 10:32:26,657 - INFO - --- USB 어뎁터가 활성화 [확인]
2025-11-05 10:32:29,006 - INFO - --- 이더넷 어뎁터가 비활성화 [확인]
2025-11-05 10:32:29,006 - INFO - -----------------------------
2025-11-05 10:32:29,126 - INFO - --- WiFi off - 성공
2025-11-05 10:32:29,266 - INFO - --- '모바일 데이터' on - 성공
2025-11-05 10:32:29,887 - INFO - ★ 모바일IP 전환 - Success ★
2025-11-05 10:32:29,887 - INFO - [# USB테더링 전환 #] - 성공
2025-11-05 10:32:29,887 - INFO - [#1 mobile_ip 전환 - success ]
2025-11-05 10:32:29,887 - INFO - -----------------------------
2025-11-05 10:32:29,903 - INFO - [#2 before_ip 추출] - try
2025-11-05 10:32:29,903 - INFO - -- 'https://ipinfo.io/ip'에서 public IP를 추출합니다....
2025-11-05 10:32:30,483 - INFO - -- 'https://ipinfo.io/ip' : 39.7.230.171
2025-11-05 10:32:30,483 - INFO - [#2 before_ip 추출] - success : 39.7.230.171
2025-11-05 10:32:30,483 - INFO - -----------------------------
2025-11-05 10:32:30,872 - INFO - --- 모바일 데이터 off - 성공
2025-11-05 10:32:31,270 - INFO - --- 비행기 모드 on - 성공
2025-11-05 10:32:31,635 - INFO - --- 비행기 모드 off - 성공
2025-11-05 10:32:32,010 - INFO - --- 모바일 데이터 on - 성공
2025-11-05 10:32:32,010 - INFO - [#3 after_ip 추출] - try
2025-11-05 10:32:32,010 - INFO - -- 'https://ipinfo.io/ip'에서 public IP를 추출합니다....
2025-11-05 10:32:33,021 - INFO - - 추출 실패 1/3 재시도
2025-11-05 10:32:34,006 - INFO - -- 'https://ipinfo.io/ip' : 118.235.24.132
2025-11-05 10:32:34,006 - INFO - [#3 after_ip 추출] - success : 118.235.24.132
2025-11-05 10:32:34,006 - INFO - Success -IP 변경(성공): before 39.7.230.171 => after 118.235.24.132
2025-11-05 10:32:34,011 - INFO - ★★★ IP 변경 - Success ★★★
2025-11-05 10:32:34,011 - INFO - ==================================
2025-11-05 10:32:37,967 - INFO - CPC 광고클릭 작업 시작합니다.
2025-11-05 10:32:37,967 - INFO - -----------------------------
2025-11-05 10:32:37,967 - INFO - G마켓 키워드 - ['제트청소기', '무료설치비데']
2025-11-05 10:32:37,967 - INFO - -----------------------------
2025-11-05 10:32:38,309 - INFO - C:\program_cookies 폴더 크기: 2.17 GB
2025-11-05 10:32:38,371 - INFO - random 폴더 초기화 - 'C:\program_cookies\PC_random'에서 폴더 삭제(완료)
2025-11-05 10:32:38,371 - INFO - 쿠키 기록을 남기도록 C:\program_cookies\PC_random 폴더를 지정합니다.
2025-11-05 10:32:38,371 - INFO - PC랜덤화면 크기를 불러옵니다.
2025-11-05 10:32:38,371 - INFO - fixed UA가 없어서 랜덤으로 PC UA 생성합니다.
2025-11-05 10:32:38,371 - INFO - 랜덤으로 생성된 UA는 Mozilla/5.0 (Windows NT 10.0; Win64; x64) AppleWebKit/537.36 (KHTML, like Gecko) Chrome/133.0.6784.68 Safari/537.36입니다.
2025-11-05 10:32:38,371 - INFO - 쿠기를 불러옵니다 쿠키가 없으면 cookies 폴더 안에 새로 생성합니다.
2025-11-05 10:32:38,371 - INFO - 시크릿 모드로 실행합니다.
2025-11-05 10:32:38,371 - INFO - 크롬 드라이브 옵션 부여 완료!
2025-11-05 10:32:42,388 - INFO - ==================================
2025-11-05 10:32:42,388 - INFO - devicemetrics를 override 합니다..
2025-11-05 10:32:42,398 - INFO - geo 정보를 랜덤으로 변경합니다..
2025-11-05 10:32:42,399 - INFO - FIXED gps 정보가 없어서 랜덤으로 생성합니다
2025-11-05 10:32:42,399 - INFO - RANDOM gps 정보는 {'latitude': 37.56538091590723, 'longitude': 126.93994153403008, 'accuracy': 100} 입니다.
2025-11-05 10:32:42,404 - INFO - 모든 변경이 완료되었습니다...
2025-11-05 10:32:42,404 - INFO - ~~~~~~~~~~
2025-11-05 10:32:42,433 - INFO - === gmarket 시작 ===
2025-11-05 10:33:01,161 - INFO - 상품명: 삼성 비스포크AI제트 Lite 280W VS28D950ACA 가벼운 무선청소기 - 셀러명: 판매자/삼성공식현성/판매자평가정보/파워딜러 :: 클릭 - 시작
2025-11-05 10:33:04,722 - INFO - 제품사진 클릭
2025-11-05 10:33:04,731 - INFO - 상품명: 삼성 비스포크AI제트 Lite 280W VS28D950ACA 가벼운 무선청소기 - 셀러명: 판매자/삼성공식현성/판매자평가정보/파워딜러 :: 클릭 - 완료
2025-11-05 10:33:05,636 - INFO - 스크롤 - 시작
2025-11-05 10:33:09,120 - INFO - 스크롤 - 완료
2025-11-05 10:33:09,126 - INFO - 1
2025-11-05 10:33:09,129 - INFO - 2
2025-11-05 10:33:09,600 - INFO - 3
2025-11-05 10:33:09,606 - INFO - 4
2025-11-05 10:33:10,666 - INFO - 6 - g
2025-11-05 10:33:12,963 - INFO - 7 - g
2025-11-05 10:33:28,470 - INFO - 상품명: 삼성전자 디지털 방수비데 SBD-TAB755W 풀스테인리스노즐 프리미엄 비데설치 무료 - 셀러명: 판매자/삼성공식현성/판매자평가정보/파워딜러 :: 클릭 - 시작
2025-11-05 10:33:31,580 - INFO - 상품명: 삼성전자 프리미엄 디지털 방수비데 SBD-TNC745W 풀스테인리스노즐 어린이기능 자동노즐세척 비데설치 무료 - 셀러명: 판매자/삼성공식현성/판매자평가정보/파워딜러 :: 클릭 - 시작
2025-11-05 10:33:34,449 - INFO - 상품명: 삼성전자 프리미엄 디지털 방수비데 SBD-TAR955W 풀 스테인리스노즐 무드등 설치 무료 - 셀러명: 판매자/삼성공식현성/판매자평가정보/파워딜러 :: 클릭 - 시작
2025-11-05 10:33:37,524 - INFO - 제품명 클릭
2025-11-05 10:33:37,533 - INFO - 상품명: 삼성전자 프리미엄 디지털 방수비데 SBD-TAR955W 풀 스테인리스노즐 무드등 설치 무료 - 셀러명: 판매자/삼성공식현성/판매자평가정보/파워딜러 :: 클릭 - 완료
2025-11-05 10:33:38,468 - INFO - 스크롤 - 시작
2025-11-05 10:33:42,264 - INFO - 스크롤 - 완료
2025-11-05 10:33:42,268 - INFO - 1
2025-11-05 10:33:42,269 - INFO - 2
2025-11-05 10:33:42,804 - INFO - 3
2025-11-05 10:33:42,809 - INFO - 4
2025-11-05 10:33:43,849 - INFO - 6 - g
2025-11-05 10:33:45,742 - INFO - 7 - g
2025-11-05 10:33:45,743 - INFO - === gmarket 종료 ===
2025-11-05 10:33:45,900 - INFO - ✅ chromedriver 종료 결과: ChromeDriver 종료
2025-11-05 10:33:45,900 - INFO - ✅ Chrome 종료 결과: Chrome 종료
2025-11-05 10:33:45,900 - INFO - -----------------------------
2025-11-05 10:33:45,900 - INFO - 옥션 키워드 - ['삼성전자김치냉장고126리터', '삼성파워모션유선청소기']
2025-11-05 10:33:45,900 - INFO - -----------------------------
2025-11-05 10:33:46,280 - INFO - C:\program_cookies 폴더 크기: 2.16 GB
2025-11-05 10:33:46,343 - INFO - random 폴더 초기화 - 'C:\program_cookies\PC_random'에서 폴더 삭제(완료)
2025-11-05 10:33:46,343 - INFO - 쿠키 기록을 남기도록 C:\program_cookies\PC_random 폴더를 지정합니다.
2025-11-05 10:33:46,343 - INFO - PC랜덤화면 크기를 불러옵니다.
2025-11-05 10:33:46,343 - INFO - fixed UA가 없어서 랜덤으로 PC UA 생성합니다.
2025-11-05 10:33:46,343 - INFO - 랜덤으로 생성된 UA는 Mozilla/5.0 (Windows NT 10.0; Win64; x64) AppleWebKit/537.36 (KHTML, like Gecko) Chrome/131.0.6778.205 Safari/537.36입니다.
2025-11-05 10:33:46,343 - INFO - 쿠기를 불러옵니다 쿠키가 없으면 cookies 폴더 안에 새로 생성합니다.
2025-11-05 10:33:46,343 - INFO - 시크릿 모드로 실행합니다.
2025-11-05 10:33:46,343 - INFO - 크롬 드라이브 옵션 부여 완료!
2025-11-05 10:33:50,237 - INFO - ==================================
2025-11-05 10:33:50,237 - INFO - devicemetrics를 override 합니다..
2025-11-05 10:33:50,246 - INFO - geo 정보를 랜덤으로 변경합니다..
2025-11-05 10:33:50,246 - INFO - FIXED gps 정보가 없어서 랜덤으로 생성합니다
2025-11-05 10:33:50,246 - INFO - RANDOM gps 정보는 {'latitude': 37.574085496801345, 'longitude': 127.00423897509083, 'accuracy': 100} 입니다.
2025-11-05 10:33:50,246 - INFO - 모든 변경이 완료되었습니다...
2025-11-05 10:33:50,246 - INFO - ~~~~~~~~~~
2025-11-05 10:33:50,271 - INFO - === action 시작 ===
2025-11-05 10:33:58,695 - INFO - 상품명: 삼성 김치냉장고 RP13C1022S9 뚜껑형 126L 소형 미니 김치플러스 - 셀러명: 판매자/삼성현성/판매자평가정보/최우수판매자 :: 클릭 - 시작
2025-11-05 10:34:02,103 - INFO - 제품사진 클릭
2025-11-05 10:34:02,108 - INFO - 상품명: 삼성 김치냉장고 RP13C1022S9 뚜껑형 126L 소형 미니 김치플러스 - 셀러명: 판매자/삼성현성/판매자평가정보/최우수판매자 :: 클릭 - 완료
2025-11-05 10:34:02,719 - INFO - 스크롤 - 시작
2025-11-05 10:34:04,126 - INFO - 스크롤 - 완료
2025-11-05 10:34:04,128 - INFO - 1
2025-11-05 10:34:04,135 - INFO - 2
2025-11-05 10:34:04,746 - INFO - 3
2025-11-05 10:34:04,746 - INFO - 4
2025-11-05 10:34:05,908 - INFO - 6 - a
2025-11-05 10:34:08,213 - INFO - 7 - a
2025-11-05 10:34:17,698 - INFO - 6 - a
2025-11-05 10:34:19,277 - INFO - 7 - a
2025-11-05 10:34:19,277 - INFO - === action 종료 ===
2025-11-05 10:34:19,444 - INFO - ✅ chromedriver 종료 결과: ChromeDriver 종료
2025-11-05 10:34:19,444 - INFO - ✅ Chrome 종료 결과: Chrome 종료
2025-11-05 10:34:20,446 - INFO - ==================================
2025-11-05 10:34:20,446 - INFO - ★ 크롬 브라우저 - 자동 업데이트 ★
2025-11-05 10:34:20,602 - INFO - ==================================
2025-11-05 10:34:20,602 - INFO - ★ 이더넷(유선 & Wi-Fi) 전환 - 시도 ★
2025-11-05 10:34:20,745 - INFO - -----------------------------
2025-11-05 10:34:20,745 - INFO - 모바일 USB 어뎁터 - 비활성화(시도 & 명령어 작동)
2025-11-05 10:34:23,602 - INFO - -----------------------------
2025-11-05 10:34:23,602 - INFO - 이더넷(WI-FI, 랜선) 어뎁터 - 활성화(시도 & 명령어 작동)
2025-11-05 10:34:28,439 - INFO - 모바일 USB 어뎁터가 비활성화 되었습니다.
2025-11-05 10:34:30,984 - INFO - 이더넷 어뎁터가 활성화 되었습니다.
2025-11-05 10:34:35,436 - INFO - ★ 이더넷(유선 & Wi-Fi) 전환 - Success ★
2025-11-05 10:34:35,436 - INFO - ==================================
2025-11-05 10:34:35,586 - INFO - [현재 크롬 버전] : 142.0.7444.60
2025-11-05 10:34:36,842 - INFO - Chrome 업데이트를 확인하는 중...
2025-11-05 10:34:38,846 - INFO - ==================================
2025-11-05 10:34:38,846 - INFO - Chrome 상태 : Chrome이 최신 버전임
2025-11-05 10:34:38,846 - INFO - -----------------------------
2025-11-05 10:34:38,846 - INFO - ✅ Chrome이 최신 버전입니다. 종료합니다.
2025-11-05 10:34:38,846 - INFO - ==================================
2025-11-05 10:34:38,995 - INFO - ✅ chromedriver 종료 결과: ChromeDriver 종료
2025-11-05 10:34:38,995 - INFO - ✅ Chrome 종료 결과: Chrome 종료
2025-11-05 10:34:40,510 - INFO - ==================================
2025-11-05 10:34:40,510 - INFO - ==================================
2025-11-05 10:34:40,510 - INFO - ★★★ IP 변경 - START ★★★
2025-11-05 10:34:40,510 - INFO - [#1 mobile_ip 전환 - try ]
2025-11-05 10:34:40,658 - INFO - [ 모바일IP 전환 - 시도 ]
2025-11-05 10:34:40,677 - INFO - --- ADB 모바일 연결 [진행]
2025-11-05 10:34:40,806 - INFO - --- USB테더링 리미트 해제 [진행]
2025-11-05 10:34:41,980 - INFO - --- USB테더링 활성화 - 성공
2025-11-05 10:34:41,980 - INFO - -----------------------------
2025-11-05 10:34:42,879 - INFO - --- 모바일 USB 어뎁터 - 활성화(시도 & 명령어 작동)
2025-11-05 10:34:48,105 - INFO - --- USB 어댑터 찾기 및 활성화 시도 [완료]
2025-11-05 10:34:48,105 - INFO - --- 이더넷(WI-FI, 랜선) 어뎁터 - 비활성화(시도 & 명령어 작동)
2025-11-05 10:34:48,374 - INFO - --- USB 어댑터 외의 모든 어댑터 비활성화 시도 [완료]
2025-11-05 10:35:02,164 - INFO - --- 이더넷 어뎁터가 비활성화 [확인]
2025-11-05 10:35:02,164 - INFO - -----------------------------
2025-11-05 10:35:02,313 - INFO - --- WiFi off - 성공
2025-11-05 10:35:02,433 - INFO - --- '모바일 데이터' on - 성공
2025-11-05 10:35:28,090 - INFO - ★ 모바일IP 전환 - Fail ★
2025-11-05 10:35:28,090 - INFO - [# USB테더링 전환 #] - 1 번째 시도 실패 : 인터넷이 연결되지 않습니다 - 다시 시도합니다
2025-11-05 10:35:29,732 - INFO - [ 모바일IP 전환 - 시도 ]
2025-11-05 10:35:29,759 - INFO - --- ADB 모바일 연결 [진행]
2025-11-05 10:35:29,888 - INFO - --- USB테더링 리미트 해제 [진행]
2025-11-05 10:35:31,081 - INFO - --- USB테더링 활성화 - 성공
2025-11-05 10:35:31,081 - INFO - -----------------------------
2025-11-05 10:35:31,984 - INFO - --- 모바일 USB 어뎁터 - 활성화(시도 & 명령어 작동)
2025-11-05 10:35:32,271 - INFO - --- USB 어댑터 찾기 및 활성화 시도 [완료]
2025-11-05 10:35:32,271 - INFO - --- 이더넷(WI-FI, 랜선) 어뎁터가 이미 비활성화 되어 있습니다.
2025-11-05 10:35:32,271 - INFO - --- USB 어댑터 외의 모든 어댑터 비활성화 시도 [완료]
2025-11-05 10:35:45,996 - INFO - --- 이더넷 어뎁터가 비활성화 [확인]
2025-11-05 10:35:45,996 - INFO - -----------------------------
2025-11-05 10:35:46,133 - INFO - --- WiFi off - 성공
2025-11-05 10:35:46,280 - INFO - --- '모바일 데이터' on - 성공
2025-11-05 10:36:11,362 - INFO - ★ 모바일IP 전환 - Fail ★
2025-11-05 10:36:11,362 - INFO - [# USB테더링 전환 #] - 2 번째 시도 실패 : 인터넷이 연결되지 않습니다 - 다시 시도합니다
2025-11-05 10:36:13,000 - INFO - [ 모바일IP 전환 - 시도 ]
2025-11-05 10:36:13,035 - INFO - --- ADB 모바일 연결 [진행]
2025-11-05 10:36:13,154 - INFO - --- USB테더링 리미트 해제 [진행]
2025-11-05 10:36:14,345 - INFO - --- USB테더링 활성화 - 성공
2025-11-05 10:36:14,345 - INFO - -----------------------------
2025-11-05 10:36:15,248 - INFO - --- 모바일 USB 어뎁터 - 활성화(시도 & 명령어 작동)
2025-11-05 10:36:15,482 - INFO - --- USB 어댑터 찾기 및 활성화 시도 [완료]
2025-11-05 10:36:15,482 - INFO - --- 이더넷(WI-FI, 랜선) 어뎁터가 이미 비활성화 되어 있습니다.
2025-11-05 10:36:15,482 - INFO - --- USB 어댑터 외의 모든 어댑터 비활성화 시도 [완료]
2025-11-05 10:36:29,224 - INFO - --- 이더넷 어뎁터가 비활성화 [확인]
2025-11-05 10:36:29,224 - INFO - -----------------------------
2025-11-05 10:36:29,339 - INFO - --- WiFi off - 성공
2025-11-05 10:36:29,432 - INFO - --- '모바일 데이터' on - 성공
2025-11-05 10:36:54,591 - INFO - ★ 모바일IP 전환 - Fail ★
2025-11-05 10:36:54,591 - INFO - [# USB테더링 전환 #] - 최종 실패 : 인터넷이 연결되지 않습니다 - 다시 시도합니다
2025-11-05 10:36:54,591 - ERROR - 1/10번째 [ cpc_click.py 프로그램 ] - < Exception 발생 >
~~ 1번째 에러 도달 ~~
Traceback (most recent call last):
  File "C:\Users\user\Desktop\Bridzzi\util\selenium\helpers.py", line 1713, in mobile_ip
    raise Exception("인터넷이 연결되지 않습니다 - 다시 시도합니다")
Exception: 인터넷이 연결되지 않습니다 - 다시 시도합니다

During handling of the above exception, another exception occurred:

Traceback (most recent call last):
  File "C:\Users\user\Desktop\Bridzzi\src\naver\etc\cpc_click.py", line 501, in <module>
    selenium_util.change_ip()
  File "C:\Users\user\Desktop\Bridzzi\util\selenium\helpers.py", line 1919, in change_ip
    mobile_ip()
  File "C:\Users\user\Desktop\Bridzzi\util\selenium\helpers.py", line 1720, in mobile_ip
    raise Exception(error_message)
Exception: [# USB테더링 전환 #] - 최종 실패 : 인터넷이 연결되지 않습니다 - 다시 시도합니다


오류가 발생하였습니다. 확인 부탁드립니다
2025-11-05 10:36:54,602 - ERROR - Traceback (most recent call last):
2025-11-05 10:36:54,602 - ERROR - File "C:\Users\user\Desktop\Bridzzi\util\selenium\helpers.py", line 1713, in mobile_ip
    raise Exception("인터넷이 연결되지 않습니다 - 다시 시도합니다")
2025-11-05 10:36:54,604 - ERROR - Exception: 인터넷이 연결되지 않습니다 - 다시 시도합니다
2025-11-05 10:36:54,604 - ERROR - During handling of the above exception, another exception occurred:
2025-11-05 10:36:54,605 - ERROR - Traceback (most recent call last):
2025-11-05 10:36:54,605 - ERROR - File "C:\Users\user\Desktop\Bridzzi\src\naver\etc\cpc_click.py", line 501, in <module>
    selenium_util.change_ip()
2025-11-05 10:36:54,606 - ERROR - File "C:\Users\user\Desktop\Bridzzi\util\selenium\helpers.py", line 1919, in change_ip
    mobile_ip()
2025-11-05 10:36:54,606 - ERROR - File "C:\Users\user\Desktop\Bridzzi\util\selenium\helpers.py", line 1720, in mobile_ip
    raise Exception(error_message)
2025-11-05 10:36:54,606 - ERROR - Exception: [# USB테더링 전환 #] - 최종 실패 : 인터넷이 연결되지 않습니다 - 다시 시도합니다
2025-11-05 10:36:54,727 - INFO - ✅ chromedriver 종료 결과: ChromeDriver 종료
2025-11-05 10:36:54,727 - INFO - ✅ Chrome 종료 결과: Chrome 종료
2025-11-05 10:36:55,734 - INFO - ==================================
2025-11-05 10:36:55,734 - INFO - ★ 크롬 브라우저 - 자동 업데이트 ★
2025-11-05 10:36:55,869 - INFO - ==================================
2025-11-05 10:36:55,869 - INFO - ★ 이더넷(유선 & Wi-Fi) 전환 - 시도 ★
2025-11-05 10:36:56,001 - INFO - -----------------------------
2025-11-05 10:36:56,001 - INFO - 모바일 USB 어뎁터가 이미 비활성화 되어 있습니다.
2025-11-05 10:36:56,001 - INFO - -----------------------------
2025-11-05 10:36:56,001 - INFO - 이더넷(WI-FI, 랜선) 어뎁터 - 활성화(시도 & 명령어 작동)
2025-11-05 10:37:00,878 - INFO - 모바일 USB 어뎁터가 비활성화 되었습니다.
2025-11-05 10:37:03,414 - INFO - 이더넷 어뎁터가 활성화 되었습니다.
2025-11-05 10:37:07,838 - INFO - ★ 이더넷(유선 & Wi-Fi) 전환 - Success ★
2025-11-05 10:37:07,838 - INFO - ==================================
2025-11-05 10:37:07,986 - INFO - [현재 크롬 버전] : 142.0.7444.60
2025-11-05 10:37:09,241 - INFO - Chrome 업데이트를 확인하는 중...
2025-11-05 10:37:11,247 - INFO - ==================================
2025-11-05 10:37:11,247 - INFO - Chrome 상태 : Chrome이 최신 버전임
2025-11-05 10:37:11,247 - INFO - -----------------------------
2025-11-05 10:37:11,247 - INFO - ✅ Chrome이 최신 버전입니다. 종료합니다.
2025-11-05 10:37:11,247 - INFO - ==================================
2025-11-05 10:37:11,418 - INFO - ✅ chromedriver 종료 결과: ChromeDriver 종료
2025-11-05 10:37:11,418 - INFO - ✅ Chrome 종료 결과: Chrome 종료
2025-11-05 10:37:12,919 - INFO - ==================================
2025-11-05 10:37:12,919 - INFO - ==================================
2025-11-05 10:37:12,919 - INFO - ★★★ IP 변경 - START ★★★
2025-11-05 10:37:12,919 - INFO - [#1 mobile_ip 전환 - try ]
2025-11-05 10:37:13,069 - INFO - [ 모바일IP 전환 - 시도 ]
2025-11-05 10:37:13,099 - INFO - --- ADB 모바일 연결 [진행]
2025-11-05 10:37:13,214 - INFO - --- USB테더링 리미트 해제 [진행]
2025-11-05 10:37:14,386 - INFO - --- USB테더링 활성화 - 성공
2025-11-05 10:37:14,386 - INFO - -----------------------------
2025-11-05 10:37:15,288 - INFO - --- 모바일 USB 어뎁터 - 활성화(시도 & 명령어 작동)
2025-11-05 10:37:15,531 - INFO - --- USB 어댑터 찾기 및 활성화 시도 [완료]
2025-11-05 10:37:15,531 - INFO - --- 이더넷(WI-FI, 랜선) 어뎁터 - 비활성화(시도 & 명령어 작동)
2025-11-05 10:37:15,803 - INFO - --- USB 어댑터 외의 모든 어댑터 비활성화 시도 [완료]
2025-11-05 10:37:29,606 - INFO - --- 이더넷 어뎁터가 비활성화 [확인]
2025-11-05 10:37:29,606 - INFO - -----------------------------
2025-11-05 10:37:29,728 - INFO - --- WiFi off - 성공
2025-11-05 10:37:29,841 - INFO - --- '모바일 데이터' on - 성공
